<!doctype html public "-//w3c//dtd html 4.0 transitional//en">
<html><head>
<title>Static Call Graph - [.\Server\Objects\BlueNrg_ECG_Server.axf]</title></head>
<body><HR>
<H1>Static Call Graph for image .\Server\Objects\BlueNrg_ECG_Server.axf</H1><HR>
<BR><P>#&#060CALLGRAPH&#062# ARM Linker, 5060061: Last Updated: Tue Aug 31 10:04:27 2021
<BR><P>
<H3>Maximum Stack Usage =        224 bytes + Unknown(Functions without stacksize, Cycles, Untraceable Function Pointers)</H3><H3>
Call chain for Maximum Stack Depth:</H3>
RESET_HANDLER &rArr; main &rArr; Read_ADC &rArr; ADC_GetConvertedData &rArr; ADC_ConvertTemperatureSensor &rArr; ADC_ConvertSingleEndedVoltage &rArr; __aeabi_dmul &rArr; _double_epilogue &rArr; __aeabi_llsr
<P>
<H3>
Functions with no stack information
</H3><UL>
 <LI><a href="#[96]">ATT_fill_error_resp</a>
 <LI><a href="#[9d]">Accu_Handles_Requiring_Auth</a>
 <LI><a href="#[9e]">Accu_UuidTypes_Requiring_Auth</a>
 <LI><a href="#[c5]">Acl_Init</a>
 <LI><a href="#[a0]">Acl_Rcv_Pkt_Handler</a>
 <LI><a href="#[a3]">Acl_Transmit_Data</a>
 <LI><a href="#[a9]">Acl_Tx_Cmpl_Pkt_Handler</a>
 <LI><a href="#[ad]">Att_Check_Perms</a>
 <LI><a href="#[b3]">BTLE_StackTick</a>
 <LI><a href="#[bd]">BlueNRG_Stack_Initialization</a>
 <LI><a href="#[d3]">Blue_Init_Global</a>
 <LI><a href="#[d4]">Blue_Set_Radio_Config_Data</a>
 <LI><a href="#[d6]">Build_Notif_Or_Ind</a>
 <LI><a href="#[dd]">CheckSecForSignedWrite</a>
 <LI><a href="#[139]">Check_Encry_Key_Size</a>
 <LI><a href="#[de]">Check_For_Service_Change</a>
 <LI><a href="#[af]">Check_Permission</a>
 <LI><a href="#[b6]">Controller_Process_Q</a>
 <LI><a href="#[e8]">Data_Len_Update_Offline_Processing_ucfg</a>
 <LI><a href="#[28d]">Data_Length_Update_Control_ISR_ucfg</a>
 <LI><a href="#[29d]">Delay_With_NOP_Cycles</a>
 <LI><a href="#[e9]">Disconnection_Offline_Processing</a>
 <LI><a href="#[cd]">Dynamic_allocator</a>
 <LI><a href="#[ce]">Dynamic_allocator_noRet</a>
 <LI><a href="#[b7]">Events_Process_Q</a>
 <LI><a href="#[cb]">Events_Process_init</a>
 <LI><a href="#[f7]">Exchg_Mtu_Resp</a>
 <LI><a href="#[f8]">Exec_Write_Resp</a>
 <LI><a href="#[e2]">Find_Attr_Index</a>
 <LI><a href="#[100]">Find_By_Type_Val_Resp</a>
 <LI><a href="#[e1]">Find_Gatt_Client</a>
 <LI><a href="#[103]">Find_Info_Resp</a>
 <LI><a href="#[132]">Find_Timed_Out_Connection</a>
 <LI><a href="#[104]">Flash_Write_Flagged</a>
 <LI><a href="#[105]">GAP_Connection_Complete_Handler</a>
 <LI><a href="#[206]">GAP_DiscProcTimeoutcb_ucfg</a>
 <LI><a href="#[107]">GAP_Init</a>
 <LI><a href="#[c8]">GAP_Init_Context</a>
 <LI><a href="#[10f]">GAP_LL_Event_Handler_ISR</a>
 <LI><a href="#[111]">GAP_LimDiscTimeoutcb</a>
 <LI><a href="#[114]">GAP_Notify_Add_Charac</a>
 <LI><a href="#[117]">GAP_Privacy1v2</a>
 <LI><a href="#[11f]">GAP_PrivateAddrTimercb</a>
 <LI><a href="#[ba]">GAP_Process_Q</a>
 <LI><a href="#[123]">GAP_Set_Discoverable_Mode</a>
 <LI><a href="#[125]">GAP_Terminate_Link</a>
 <LI><a href="#[127]">GAP_Update_Adv_Data</a>
 <LI><a href="#[10a]">GAP_check_and_set_role_ucfg</a>
 <LI><a href="#[122]">GAP_discover_peer_name_ucfg</a>
 <LI><a href="#[10b]">GAP_enable_controller_privacy_ucfg</a>
 <LI><a href="#[12a]">GATT_Connection_Complete_Handler</a>
 <LI><a href="#[115]">GATT_Num_Charac_Present</a>
 <LI><a href="#[12e]">GATT_Send_Packet</a>
 <LI><a href="#[131]">GATT_TimeOut_Handler</a>
 <LI><a href="#[2a3]">GapIsPrivacySupported</a>
 <LI><a href="#[133]">Gatt_Add_Charac_Desc</a>
 <LI><a href="#[10d]">Gatt_Add_Characteristic</a>
 <LI><a href="#[137]">Gatt_Add_Descriptor</a>
 <LI><a href="#[10c]">Gatt_Add_Service</a>
 <LI><a href="#[1c5]">Gatt_Find_Srv_From_Handle</a>
 <LI><a href="#[9b]">Gatt_Find_Srv_Owner_Of_Handle</a>
 <LI><a href="#[147]">Gatt_Find_Timed_Out_Connection_Index</a>
 <LI><a href="#[bb]">Gatt_Process_Q</a>
 <LI><a href="#[134]">Gatt_Server_Db_Check</a>
 <LI><a href="#[149]">Gatt_Server_Init</a>
 <LI><a href="#[14b]">Gatt_Server_L2C_Handler</a>
 <LI><a href="#[151]">Gatt_Server_L2C_Handler_ISR</a>
 <LI><a href="#[10e]">Gatt_Update_Charac_Value</a>
 <LI><a href="#[154]">Gatt_Update_Charac_Value_Ext</a>
 <LI><a href="#[e0]">Gatt_fetch_handle</a>
 <LI><a href="#[9c]">Gatt_search_handle</a>
 <LI><a href="#[12d]">Gatt_search_service_handle</a>
 <LI><a href="#[11b]">Generate_Non_Resolvable_Private_Address</a>
 <LI><a href="#[12c]">Get_GAP_Handle</a>
 <LI><a href="#[109]">Get_StaticRandAddr</a>
 <LI><a href="#[157]">HAL_Flash_Store_Data</a>
 <LI><a href="#[158]">HAL_Generate_Random_Bytes_To</a>
 <LI><a href="#[216]">HAL_Set_TX_Power_Level</a>
 <LI><a href="#[20b]">HAL_VTimerAcc_sysT32_ms</a>
 <LI><a href="#[159]">HAL_VTimerGetCurrentTime_sysT32</a>
 <LI><a href="#[207]">HAL_VTimerTimeoutCallback</a>
 <LI><a href="#[15b]">HAL_Write_ConfigData</a>
 <LI><a href="#[c9]">HCI_Init</a>
 <LI><a href="#[156]">Hal_Get_Random_Number</a>
 <LI><a href="#[15f]">Hal_Get_Random_Number32</a>
 <LI><a href="#[108]">IDD_Initialize_Device_IDs</a>
 <LI><a href="#[e3]">Ind_Service_Change_Charac</a>
 <LI><a href="#[17c]">Is_Address_Initialized</a>
 <LI><a href="#[1bb]">Is_Flash_Write_On_Going</a>
 <LI><a href="#[161]">L2C_Build_Command_Reject_Pdu</a>
 <LI><a href="#[163]">L2C_Connection_Complete_Handler</a>
 <LI><a href="#[167]">L2C_Connection_Complete_Signal_Handler</a>
 <LI><a href="#[16f]">L2C_Get_PDU_Len</a>
 <LI><a href="#[c6]">L2C_Init</a>
 <LI><a href="#[171]">L2C_Rcv_Event_Handler</a>
 <LI><a href="#[172]">L2C_Rcv_Event_Handler_ISR</a>
 <LI><a href="#[12f]">L2C_Send_Data</a>
 <LI><a href="#[178]">L2C_SigChan_Req_TimeOut_Handler</a>
 <LI><a href="#[169]">L2C_Signal_Channel_Handler</a>
 <LI><a href="#[166]">L2C_Signal_Channel_Handler_ISR</a>
 <LI><a href="#[118]">LL_Allow_Address_Setting</a>
 <LI><a href="#[17b]">LL_Check_And_Set_Addresses</a>
 <LI><a href="#[295]">LL_Data_Length_Change_Event_ucfg</a>
 <LI><a href="#[126]">LL_Disconnect_Link</a>
 <LI><a href="#[112]">LL_Enable_Disable_Adv</a>
 <LI><a href="#[187]">LL_Encrypt_Plain_Data_ucfg</a>
 <LI><a href="#[17a]">LL_Get_Address</a>
 <LI><a href="#[119]">LL_Get_AdvAddress</a>
 <LI><a href="#[128]">LL_Get_Adv_Data</a>
 <LI><a href="#[18a]">LL_Get_Adv_Tx_Power_Level</a>
 <LI><a href="#[11a]">LL_Get_ScanAddress</a>
 <LI><a href="#[c3]">LL_Init</a>
 <LI><a href="#[18c]">LL_LE_Clear_White_List</a>
 <LI><a href="#[a4]">LL_Send_ACL_Data</a>
 <LI><a href="#[ee]">LL_Send_Disconnection_Req</a>
 <LI><a href="#[296]">LL_Send_Length_Resp_ucfg</a>
 <LI><a href="#[129]">LL_Set_Adv_Data</a>
 <LI><a href="#[184]">LL_Set_Adv_PDU_Format</a>
 <LI><a href="#[18e]">LL_Set_Adv_Params</a>
 <LI><a href="#[183]">LL_Set_Advertising_Buffers</a>
 <LI><a href="#[190]">LL_Set_LTK</a>
 <LI><a href="#[180]">LL_Set_OwnAddress</a>
 <LI><a href="#[284]">LL_Set_Scan_Resp_Data</a>
 <LI><a href="#[23e]">LL_Sleep_Req</a>
 <LI><a href="#[191]">LL_Update_Advertising_Buffers</a>
 <LI><a href="#[192]">LL_Update_Scanning_Initiating_Buffers</a>
 <LI><a href="#[193]">LL_receive_data</a>
 <LI><a href="#[242]">LL_update_proc</a>
 <LI><a href="#[135]">List_Circular_Get_Size</a>
 <LI><a href="#[13b]">List_Circular_Insert_Tail</a>
 <LI><a href="#[195]">List_Circular_Node_Present</a>
 <LI><a href="#[20d]">List_Circular_Remove_Head</a>
 <LI><a href="#[13a]">List_Circular_Remove_Node</a>
 <LI><a href="#[16d]">Mem_Buff_Append</a>
 <LI><a href="#[199]">Mem_Buff_Block_Copy</a>
 <LI><a href="#[19b]">Mem_Buff_Block_Write</a>
 <LI><a href="#[19c]">Mem_Buff_Clone</a>
 <LI><a href="#[19d]">Mem_Buff_Cmp</a>
 <LI><a href="#[19e]">Mem_Buff_Compact</a>
 <LI><a href="#[1a7]">Mem_Buff_Get</a>
 <LI><a href="#[1a4]">Mem_Buff_Get_Chain_Count</a>
 <LI><a href="#[1ab]">Mem_Buff_Get_Chain_Size</a>
 <LI><a href="#[1a8]">Mem_Buff_Init</a>
 <LI><a href="#[19f]">Mem_Buff_Read</a>
 <LI><a href="#[1a9]">Mem_Buff_Release</a>
 <LI><a href="#[1ac]">Mem_Buff_Resize</a>
 <LI><a href="#[1a0]">Mem_Buff_Write</a>
 <LI><a href="#[e7]">PKA_Offline_Processing_ucfg</a>
 <LI><a href="#[1a3]">PM_Clone_Pckt</a>
 <LI><a href="#[16e]">PM_Compact</a>
 <LI><a href="#[fb]">PM_Copy_Pckt_Data</a>
 <LI><a href="#[15c]">PM_Eng_Config</a>
 <LI><a href="#[16c]">PM_Extract_Pdu_MBuff</a>
 <LI><a href="#[145]">PM_Get_Available_Buffer</a>
 <LI><a href="#[1a5]">PM_Get_Mem_Buff_Count</a>
 <LI><a href="#[14f]">PM_Get_Pckt</a>
 <LI><a href="#[c4]">PM_Init</a>
 <LI><a href="#[102]">PM_Pckt_Cmp</a>
 <LI><a href="#[fd]">PM_Release_Acl_Pckt</a>
 <LI><a href="#[1aa]">PM_Resize_Pckt_Pdu_Size</a>
 <LI><a href="#[99]">PM_Write_Pckt_Data</a>
 <LI><a href="#[17d]">PRIVWHIT_u8SearchAddrInList</a>
 <LI><a href="#[1ad]">PRIVWHIT_vInit_Struct</a>
 <LI><a href="#[28a]">PRIV_SearchAddrInWhiteList</a>
 <LI><a href="#[213]">PRIV_controller_privacy_csr_ucfg</a>
 <LI><a href="#[289]">PRIV_u32ProcessAdvPacket_ucfg</a>
 <LI><a href="#[e6]">PRIV_u8OfflineProcessing_ucfg</a>
 <LI><a href="#[17e]">PRIV_vGeneratePrivateAddress_ucfg</a>
 <LI><a href="#[292]">PRIV_vGenerate_hci_le_enhanced_connection_complete_event_ucfg</a>
 <LI><a href="#[1ae]">Prepare_Write_Resp</a>
 <LI><a href="#[142]">Process_Peer_Client_Data</a>
 <LI><a href="#[140]">Process_Peer_Server_Data</a>
 <LI><a href="#[d2]">RAL_Isr</a>
 <LI><a href="#[1b3]">Read_Blob_Resp</a>
 <LI><a href="#[1b5]">Read_By_Grp_Type_Resp</a>
 <LI><a href="#[1b1]">Read_By_Type_Resp</a>
 <LI><a href="#[1b4]">Read_Multi_Resp</a>
 <LI><a href="#[1b2]">Read_Resp</a>
 <LI><a href="#[294]">Reclassify_All_Channels_ucfg</a>
 <LI><a href="#[1c7]">SDB_Add_Record</a>
 <LI><a href="#[1cd]">SDB_Find_Matching_LTK</a>
 <LI><a href="#[1d1]">SDB_Find_Record</a>
 <LI><a href="#[116]">SDB_Get_Number_Of_Valid_Records</a>
 <LI><a href="#[153]">SDB_flash_write_client_data</a>
 <LI><a href="#[1cf]">SDB_get_security_data_record</a>
 <LI><a href="#[df]">SDB_read_peer_bonded_data</a>
 <LI><a href="#[1d0]">SMA_Diversify</a>
 <LI><a href="#[1d6]">SMA_Generate_CSRK</a>
 <LI><a href="#[1d7]">SMA_Generate_IRK</a>
 <LI><a href="#[1d8]">SMA_LP_s1_Generate_STK</a>
 <LI><a href="#[1ce]">SMA_generate_EDIV_recovery_DIV</a>
 <LI><a href="#[c7]">SMP_Init</a>
 <LI><a href="#[bc]">SMP_Process_Q</a>
 <LI><a href="#[1e4]">SMP_Protocol_Timer_cb</a>
 <LI><a href="#[16a]">SMP_acl_data_hndl</a>
 <LI><a href="#[e5]">SMP_check_encryption_key_size</a>
 <LI><a href="#[13f]">SMP_check_is_device_bonded</a>
 <LI><a href="#[13e]">SMP_forget_device_by_conn_handle</a>
 <LI><a href="#[e4]">SMP_get_link_status</a>
 <LI><a href="#[ae]">SMP_get_remote_device_list_item</a>
 <LI><a href="#[173]">SMP_hci_disconnection_complete_evt_hndl</a>
 <LI><a href="#[175]">SMP_hci_encryption_change_evt_hndl</a>
 <LI><a href="#[164]">SMP_hci_le_connection_complete_evt_hndl</a>
 <LI><a href="#[165]">SMP_hci_le_enhanced_connection_complete_evt_hndl</a>
 <LI><a href="#[174]">SMP_hci_le_long_term_key_request_evt_hndl</a>
 <LI><a href="#[1ea]">SMP_repeated_attacks_timer_cb</a>
 <LI><a href="#[1de]">SMP_reset_timer</a>
 <LI><a href="#[15d]">SMP_sc_force_debug_key_usage</a>
 <LI><a href="#[1ec]">SMP_validate_signed_packet</a>
 <LI><a href="#[11c]">SM_Generate_Resolvable_Private_Address</a>
 <LI><a href="#[1d2]">SM_Resolve_Private_Address</a>
 <LI><a href="#[202]">Select_Next_Notification_Client</a>
 <LI><a href="#[150]">Send_Notif_Or_Ind</a>
 <LI><a href="#[20a]">Set_Host_Timer_value</a>
 <LI><a href="#[14e]">Start_Gatt_Timer</a>
 <LI><a href="#[14c]">Stop_Gatt_Timer</a>
 <LI><a href="#[1ba]">Timer_ExpiryCallback</a>
 <LI><a href="#[c2]">Timer_Init</a>
 <LI><a href="#[b4]">Timer_ProcessQ</a>
 <LI><a href="#[11e]">Timer_StartOneShot</a>
 <LI><a href="#[20c]">Timer_StartOneShot_sysTime32</a>
 <LI><a href="#[11d]">Timer_StopOneShot</a>
 <LI><a href="#[15a]">Timer_sysTime32_convMachineTime</a>
 <LI><a href="#[233]">WindowWiden1</a>
 <LI><a href="#[237]">WindowWiden2</a>
 <LI><a href="#[1b7]">Write_Cmd</a>
 <LI><a href="#[1b6]">Write_Resp</a>
 <LI><a href="#[bf]">_BlueNRG_Stack_Initialization</a>
 <LI><a href="#[28b]">__ARM_common_memcpy1_6</a>
 <LI><a href="#[136]">__ARM_common_switch8</a>
 <LI><a href="#[124]">_gap_set_discoverable_connectable</a>
 <LI><a href="#[243]">aci_att_exchange_mtu_resp_event</a>
 <LI><a href="#[244]">aci_att_exec_write_resp_event</a>
 <LI><a href="#[245]">aci_att_find_by_type_value_resp_event</a>
 <LI><a href="#[246]">aci_att_find_info_resp_event</a>
 <LI><a href="#[247]">aci_att_prepare_write_resp_event</a>
 <LI><a href="#[248]">aci_att_read_blob_resp_event</a>
 <LI><a href="#[249]">aci_att_read_by_group_type_resp_event</a>
 <LI><a href="#[24a]">aci_att_read_by_type_resp_event</a>
 <LI><a href="#[24b]">aci_att_read_multiple_resp_event</a>
 <LI><a href="#[24c]">aci_att_read_resp_event</a>
 <LI><a href="#[24d]">aci_att_write_resp_event</a>
 <LI><a href="#[a2]">aci_event_fifo_push</a>
 <LI><a href="#[a1]">aci_event_fifo_push_header</a>
 <LI><a href="#[24e]">aci_gap_addr_not_resolved_event</a>
 <LI><a href="#[24f]">aci_gap_authorization_req_event</a>
 <LI><a href="#[250]">aci_gap_bond_lost_event</a>
 <LI><a href="#[251]">aci_gap_device_found_event</a>
 <LI><a href="#[db]">aci_gap_init</a>
 <LI><a href="#[252]">aci_gap_keypress_notification_event</a>
 <LI><a href="#[253]">aci_gap_limited_discoverable_event</a>
 <LI><a href="#[254]">aci_gap_numeric_comparison_value_event</a>
 <LI><a href="#[255]">aci_gap_pairing_complete_event</a>
 <LI><a href="#[256]">aci_gap_pass_key_req_event</a>
 <LI><a href="#[257]">aci_gap_proc_complete_event</a>
 <LI><a href="#[197]">aci_gap_set_discoverable</a>
 <LI><a href="#[258]">aci_gap_slave_security_initiated_event</a>
 <LI><a href="#[226]">aci_gap_terminate</a>
 <LI><a href="#[198]">aci_gap_update_adv_data</a>
 <LI><a href="#[ac]">aci_gatt_add_char</a>
 <LI><a href="#[ab]">aci_gatt_add_service</a>
 <LI><a href="#[259]">aci_gatt_disc_read_char_by_uuid_resp_event</a>
 <LI><a href="#[25a]">aci_gatt_error_resp_event</a>
 <LI><a href="#[25b]">aci_gatt_indication_event</a>
 <LI><a href="#[da]">aci_gatt_init</a>
 <LI><a href="#[25c]">aci_gatt_notification_event</a>
 <LI><a href="#[25d]">aci_gatt_prepare_write_permit_req_event</a>
 <LI><a href="#[25e]">aci_gatt_proc_complete_event</a>
 <LI><a href="#[25f]">aci_gatt_proc_timeout_event</a>
 <LI><a href="#[260]">aci_gatt_read_multi_permit_req_event</a>
 <LI><a href="#[262]">aci_gatt_server_confirmation_event</a>
 <LI><a href="#[1c2]">aci_gatt_update_char_value</a>
 <LI><a href="#[dc]">aci_gatt_update_char_value_ext</a>
 <LI><a href="#[264]">aci_gatt_write_permit_req_event</a>
 <LI><a href="#[265]">aci_hal_scan_req_report_event</a>
 <LI><a href="#[d9]">aci_hal_set_tx_power_level</a>
 <LI><a href="#[d8]">aci_hal_write_config_data</a>
 <LI><a href="#[266]">aci_l2cap_command_reject_event</a>
 <LI><a href="#[267]">aci_l2cap_connection_update_req_event</a>
 <LI><a href="#[268]">aci_l2cap_connection_update_resp_event</a>
 <LI><a href="#[269]">aci_l2cap_proc_timeout_event</a>
 <LI><a href="#[f9]">acl_list_first</a>
 <LI><a href="#[1af]">acl_list_full_on_packt</a>
 <LI><a href="#[14a]">acl_list_init</a>
 <LI><a href="#[144]">acl_list_insert_head</a>
 <LI><a href="#[130]">acl_list_insert_tail</a>
 <LI><a href="#[141]">acl_list_is_empty</a>
 <LI><a href="#[fa]">acl_list_remove</a>
 <LI><a href="#[143]">acl_list_remove_head</a>
 <LI><a href="#[21e]">advParamsCheckAndSet</a>
 <LI><a href="#[231]">advance_slave_timing_MultiSlave</a>
 <LI><a href="#[b9]">advance_transmit</a>
 <LI><a href="#[a8]">advance_wakeup_timer</a>
 <LI><a href="#[ca]">ble_HAL_Init</a>
 <LI><a href="#[241]">cancel_connect_master_ucfg</a>
 <LI><a href="#[23f]">cancel_current_master</a>
 <LI><a href="#[23d]">cancel_master</a>
 <LI><a href="#[23a]">cancel_slave</a>
 <LI><a href="#[42]">cb_aci_att_exchange_mtu_resp_event</a>
 <LI><a href="#[4c]">cb_aci_att_exec_write_resp_event</a>
 <LI><a href="#[44]">cb_aci_att_find_by_type_value_resp_event</a>
 <LI><a href="#[43]">cb_aci_att_find_info_resp_event</a>
 <LI><a href="#[4b]">cb_aci_att_prepare_write_resp_event</a>
 <LI><a href="#[47]">cb_aci_att_read_blob_resp_event</a>
 <LI><a href="#[49]">cb_aci_att_read_by_group_type_resp_event</a>
 <LI><a href="#[45]">cb_aci_att_read_by_type_resp_event</a>
 <LI><a href="#[48]">cb_aci_att_read_multiple_resp_event</a>
 <LI><a href="#[46]">cb_aci_att_read_resp_event</a>
 <LI><a href="#[4a]">cb_aci_att_write_resp_event</a>
 <LI><a href="#[38]">cb_aci_gap_addr_not_resolved_event</a>
 <LI><a href="#[33]">cb_aci_gap_authorization_req_event</a>
 <LI><a href="#[35]">cb_aci_gap_bond_lost_event</a>
 <LI><a href="#[36]">cb_aci_gap_device_found_event</a>
 <LI><a href="#[3a]">cb_aci_gap_keypress_notification_event</a>
 <LI><a href="#[30]">cb_aci_gap_limited_discoverable_event</a>
 <LI><a href="#[39]">cb_aci_gap_numeric_comparison_value_event</a>
 <LI><a href="#[31]">cb_aci_gap_pairing_complete_event</a>
 <LI><a href="#[32]">cb_aci_gap_pass_key_req_event</a>
 <LI><a href="#[37]">cb_aci_gap_proc_complete_event</a>
 <LI><a href="#[34]">cb_aci_gap_slave_security_initiated_event</a>
 <LI><a href="#[40]">cb_aci_gatt_attribute_modified_event</a>
 <LI><a href="#[51]">cb_aci_gatt_disc_read_char_by_uuid_resp_event</a>
 <LI><a href="#[50]">cb_aci_gatt_error_resp_event</a>
 <LI><a href="#[4d]">cb_aci_gatt_indication_event</a>
 <LI><a href="#[4e]">cb_aci_gatt_notification_event</a>
 <LI><a href="#[53]">cb_aci_gatt_prepare_write_permit_req_event</a>
 <LI><a href="#[4f]">cb_aci_gatt_proc_complete_event</a>
 <LI><a href="#[41]">cb_aci_gatt_proc_timeout_event</a>
 <LI><a href="#[55]">cb_aci_gatt_read_multi_permit_req_event</a>
 <LI><a href="#[54]">cb_aci_gatt_read_permit_req_event</a>
 <LI><a href="#[57]">cb_aci_gatt_server_confirmation_event</a>
 <LI><a href="#[56]">cb_aci_gatt_tx_pool_available_event</a>
 <LI><a href="#[52]">cb_aci_gatt_write_permit_req_event</a>
 <LI><a href="#[3f]">cb_aci_hal_fw_error_event</a>
 <LI><a href="#[2d]">cb_aci_hal_scan_req_report_event</a>
 <LI><a href="#[3e]">cb_aci_l2cap_command_reject_event</a>
 <LI><a href="#[3d]">cb_aci_l2cap_connection_update_req_event</a>
 <LI><a href="#[3b]">cb_aci_l2cap_connection_update_resp_event</a>
 <LI><a href="#[3c]">cb_aci_l2cap_proc_timeout_event</a>
 <LI><a href="#[29]">cb_hci_data_buffer_overflow_event</a>
 <LI><a href="#[1e]">cb_hci_disconnection_complete_event</a>
 <LI><a href="#[1f]">cb_hci_encryption_change_event</a>
 <LI><a href="#[20]">cb_hci_encryption_key_refresh_complete_event</a>
 <LI><a href="#[23]">cb_hci_le_advertising_report_event</a>
 <LI><a href="#[21]">cb_hci_le_connection_complete_event</a>
 <LI><a href="#[2b]">cb_hci_le_connection_update_complete_event</a>
 <LI><a href="#[24]">cb_hci_le_data_length_change_event</a>
 <LI><a href="#[28]">cb_hci_le_direct_advertising_report_event</a>
 <LI><a href="#[27]">cb_hci_le_enhanced_connection_complete_event</a>
 <LI><a href="#[26]">cb_hci_le_generate_dhkey_complete_event</a>
 <LI><a href="#[22]">cb_hci_le_long_term_key_request_event</a>
 <LI><a href="#[25]">cb_hci_le_read_local_p256_public_key_complete_event</a>
 <LI><a href="#[2c]">cb_hci_le_read_remote_used_features_complete_event</a>
 <LI><a href="#[2e]">cb_hci_number_of_completed_packets_event</a>
 <LI><a href="#[2a]">cb_hci_read_remote_version_information_complete_event</a>
 <LI><a href="#[2f]">cb_hci_rx_acl_data_event</a>
 <LI><a href="#[d5]">char_copy</a>
 <LI><a href="#[298]">copy_4_u32</a>
 <LI><a href="#[23b]">copy_tx_data_packet</a>
 <LI><a href="#[cc]">data_length_extension_csr_ucfg</a>
 <LI><a href="#[188]">encrypt</a>
 <LI><a href="#[21d]">gapClearAllModeFlags</a>
 <LI><a href="#[27a]">get_adv_addr</a>
 <LI><a href="#[120]">get_advertiser</a>
 <LI><a href="#[a5]">get_connection_no</a>
 <LI><a href="#[182]">get_next_free_slot</a>
 <LI><a href="#[27b]">get_scan_addr</a>
 <LI><a href="#[121]">get_scan_connection</a>
 <LI><a href="#[27c]">go_to_connect</a>
 <LI><a href="#[f3]">hal_radio_activity_state_callback_check</a>
 <LI><a href="#[f4]">hal_radio_activity_state_init</a>
 <LI><a href="#[27e]">hal_read_radio_activity_state</a>
 <LI><a href="#[b5]">hci_acl_Process_Q</a>
 <LI><a href="#[26b]">hci_encryption_change_event</a>
 <LI><a href="#[26c]">hci_encryption_key_refresh_complete_event</a>
 <LI><a href="#[26d]">hci_le_advertising_report_event</a>
 <LI><a href="#[26f]">hci_le_connection_update_complete_event</a>
 <LI><a href="#[270]">hci_le_data_length_change_event</a>
 <LI><a href="#[271]">hci_le_direct_advertising_report_event</a>
 <LI><a href="#[1d5]">hci_le_encrypt</a>
 <LI><a href="#[272]">hci_le_enhanced_connection_complete_event</a>
 <LI><a href="#[273]">hci_le_generate_dhkey_complete_event</a>
 <LI><a href="#[274]">hci_le_long_term_key_request_event</a>
 <LI><a href="#[1df]">hci_le_long_term_key_request_reply</a>
 <LI><a href="#[1dc]">hci_le_long_term_key_requested_negative_reply</a>
 <LI><a href="#[275]">hci_le_read_local_p256_public_key_complete_event</a>
 <LI><a href="#[276]">hci_le_read_remote_used_features_complete_event</a>
 <LI><a href="#[196]">hci_le_set_scan_response_data</a>
 <LI><a href="#[277]">hci_number_of_completed_packets_event</a>
 <LI><a href="#[278]">hci_read_remote_version_information_complete_event</a>
 <LI><a href="#[285]">hci_rx_acl_data</a>
 <LI><a href="#[279]">hci_rx_acl_data_event</a>
 <LI><a href="#[286]">hci_tx_acl_data_done</a>
 <LI><a href="#[59]">int_cb_hci_acl_data_ind_event</a>
 <LI><a href="#[58]">int_cb_hci_acl_data_tx_cmpl_event</a>
 <LI><a href="#[5a]">int_cb_hci_disconnection_complete_event</a>
 <LI><a href="#[5b]">int_cb_hci_encryption_change_event</a>
 <LI><a href="#[5c]">int_cb_hci_encryption_key_refresh_complete_event</a>
 <LI><a href="#[5f]">int_cb_hci_le_advertising_report_event</a>
 <LI><a href="#[5d]">int_cb_hci_le_connection_complete_event</a>
 <LI><a href="#[60]">int_cb_hci_le_data_length_change_event</a>
 <LI><a href="#[64]">int_cb_hci_le_direct_advertising_report_event</a>
 <LI><a href="#[63]">int_cb_hci_le_enhanced_connection_complete_event</a>
 <LI><a href="#[62]">int_cb_hci_le_generate_dhkey_complete_event</a>
 <LI><a href="#[5e]">int_cb_hci_le_long_term_key_request_event</a>
 <LI><a href="#[61]">int_cb_hci_le_read_local_p256_public_key_complete_event</a>
 <LI><a href="#[160]">is_Buffer_All_Set_To</a>
 <LI><a href="#[a6]">is_slave</a>
 <LI><a href="#[194]">isr_Acl_Data_Indication_Queue_Full</a>
 <LI><a href="#[290]">isr_Acl_Data_TX_Cmpl_Queue_Full</a>
 <LI><a href="#[1bd]">isr_event_handler</a>
 <LI><a href="#[293]">isr_event_handler_scan_data_ucfg</a>
 <LI><a href="#[1be]">isr_postproc</a>
 <LI><a href="#[291]">isr_postproc1</a>
 <LI><a href="#[28c]">isr_postproc_encrypt_data</a>
 <LI><a href="#[15e]">ll_write_supported_data_ucfg</a>
 <LI><a href="#[d1]">machine_time_trans</a>
 <LI><a href="#[211]">mem_alloc_ctx_init</a>
 <LI><a href="#[23c]">microseconds_to_machine_time</a>
 <LI><a href="#[235]">modulo_37</a>
 <LI><a href="#[18d]">nsar_init</a>
 <LI><a href="#[1bc]">read_rssi</a>
 <LI><a href="#[185]">schedule_advertise_slot</a>
 <LI><a href="#[214]">secure_connections_csr_ucfg</a>
 <LI><a href="#[21f]">setGapAdvData</a>
 <LI><a href="#[d0]">set_freq</a>
 <LI><a href="#[232]">set_sca</a>
 <LI><a href="#[239]">set_string</a>
 <LI><a href="#[a7]">slave_advance</a>
 <LI><a href="#[1ee]">sma_CMAC_generate_tag</a>
 <LI><a href="#[2a1]">smp_Execute_Actions_wrt_Current_State_MI_excerpt_ucfg</a>
 <LI><a href="#[2a2]">smp_Execute_Actions_wrt_Current_State_sc_excerpt_phase2as2_ucfg</a>
 <LI><a href="#[2a6]">smp_Execute_Actions_wrt_Current_State_sc_excerpt_phase_1_to_2_ucfg</a>
 <LI><a href="#[2a9]">smp_MI_Start_Encryption_ucfg</a>
 <LI><a href="#[1e3]">smp_Process_Rx_Packet_Exception_Cases_sc_excerpt_ucfg</a>
 <LI><a href="#[2b4]">smp_Process_Rx_Packet_wrt_Current_State_MI_excerpt_ucfg</a>
 <LI><a href="#[2ae]">smp_Process_Rx_Packet_wrt_Current_State_sc_excerpt_ucfg</a>
 <LI><a href="#[2b8]">smp_add_pairing_record_to_bonding_database</a>
 <LI><a href="#[1dd]">smp_find_remote_device_index</a>
 <LI><a href="#[1ed]">smp_get_CSRK</a>
 <LI><a href="#[2aa]">smp_get_local_identity_address</a>
 <LI><a href="#[2a8]">smp_keys_distribution_start</a>
 <LI><a href="#[2af]">smp_keys_receiving</a>
 <LI><a href="#[2bc]">smp_oob_check_is_remote_data_present</a>
 <LI><a href="#[2bf]">smp_pairing_2octets_packet_send</a>
 <LI><a href="#[2a5]">smp_pairing_completed</a>
 <LI><a href="#[1e2]">smp_pairing_failed_receive</a>
 <LI><a href="#[2b3]">smp_pairing_failed_send</a>
 <LI><a href="#[2c1]">smp_repeated_attacks_protection</a>
 <LI><a href="#[2b6]">smp_sc_SR_PairingConfirm_Receive_sc_excerpt_ucfg</a>
 <LI><a href="#[2b7]">smp_sc_SR_PairingRandom_Receive_sc_excerpt_ucfg</a>
 <LI><a href="#[2a7]">smp_sc_SR_Pairing_Phase_2AS1_Start_sc_excerpt_ucfg</a>
 <LI><a href="#[1da]">smp_sc_check_for_ecc_pk_generation_request_ucfg</a>
 <LI><a href="#[2bb]">smp_sc_continue_on_exclusive_sc_pairing_ucfg</a>
 <LI><a href="#[287]">smp_sc_hci_le_generate_dhkey_complete_evt_hndl_ucfg</a>
 <LI><a href="#[288]">smp_sc_hci_le_read_local_p256_public_key_complete_evt_hndl_ucfg</a>
 <LI><a href="#[1d9]">smp_sc_init_ucfg</a>
 <LI><a href="#[1eb]">smp_sc_is_another_sc_pairing_ongoing</a>
 <LI><a href="#[2c2]">smp_sc_update_statistics_on_pairing_complete_ucfg</a>
 <LI><a href="#[2ab]">smp_send_packet</a>
 <LI><a href="#[29c]">start_timebase</a>
 <LI><a href="#[212]">state_func_call_init_csr_ucfg</a>
 <LI><a href="#[152]">store_data</a>
 <LI><a href="#[236]">swap_slaves</a>
 <LI><a href="#[209]">system_time_trans</a>
 <LI><a href="#[208]">system_time_trans_ext</a>
 <LI><a href="#[234]">time_offset1</a>
 <LI><a href="#[238]">time_offset2</a>
 <LI><a href="#[27d]">timebase_start_connect</a>
 <LI><a href="#[28f]">unpack_channel_map</a>
 <LI><a href="#[28e]">unpack_update_request</a>
 <LI><a href="#[225]">_aci_gap_set_discoverable_param_check</a>
 <LI><a href="#[220]">_load_uuid</a>
 <LI><a href="#[c0]">BlueNRG_Stack_Initialize_ConfigData</a>
 <LI><a href="#[c1]">BlueNRG_Stack_Initialize_Layers</a>
 <LI><a href="#[be]">BlueNRG_Stack_Initialize_RAM_check</a>
 <LI><a href="#[b8]">BlueNRG_Stack_Perform_Crystal_Check</a>
 <LI><a href="#[cf]">BlueNRG_Start_Crystal_Measurement</a>
 <LI><a href="#[1]">isr_advertise_state</a>
 <LI><a href="#[2]">isr_connect_slave_state</a>
 <LI><a href="#[4]">isr_test_rx_state</a>
 <LI><a href="#[3]">isr_test_tx_state</a>
 <LI><a href="#[0]">isr_unknown_state</a>
 <LI><a href="#[223]">fifoBuf_getFreeHeader</a>
 <LI><a href="#[f5]">fifoCtrl_init</a>
 <LI><a href="#[110]">_GAP_Parse_Advertising_Report</a>
 <LI><a href="#[113]">aci_gap_limited_discoverable_event_push</a>
 <LI><a href="#[106]">aci_gap_proc_complete_event_push</a>
 <LI><a href="#[12b]">GATT_Server_Set_Flag</a>
 <LI><a href="#[13c]">Gatt_Flush_Pending_AclPacket_Lists</a>
 <LI><a href="#[13d]">Gatt_Reset_To_Closed_State</a>
 <LI><a href="#[148]">Gatt_Store_Server_Database_And_Reset_CCCD</a>
 <LI><a href="#[155]">Pm_Resize_Host_Acl_Pckt</a>
 <LI><a href="#[1b8]">aci_gatt_indication_event_push</a>
 <LI><a href="#[1b9]">aci_gatt_notification_event_push</a>
 <LI><a href="#[14d]">aci_hal_fw_error_event_push</a>
 <LI><a href="#[205]">TimerCallback</a>
 <LI><a href="#[162]">L2C_Get_Connection_Info</a>
 <LI><a href="#[177]">L2C_Get_Connection_Info_Index</a>
 <LI><a href="#[168]">L2C_Mux_Acl_Packet</a>
 <LI><a href="#[16b]">L2C_Rcv_Data</a>
 <LI><a href="#[176]">L2C_Reset_To_Closed_State</a>
 <LI><a href="#[170]">L2C_discard_accumulated_acl_data</a>
 <LI><a href="#[179]">aci_l2cap_connection_update_req_event_push</a>
 <LI><a href="#[280]">hci_encryption_change_event_push</a>
 <LI><a href="#[281]">hci_encryption_key_refresh_complete_event_push</a>
 <LI><a href="#[282]">hci_le_connection_complete_event_push</a>
 <LI><a href="#[283]">hci_le_connection_update_complete_event_push</a>
 <LI><a href="#[ef]">Mem_assign</a>
 <LI><a href="#[229]">adapt_slot</a>
 <LI><a href="#[22b]">nsar_insertSlotListEntry</a>
 <LI><a href="#[22c]">nsar_searchBestFreeSlot</a>
 <LI><a href="#[29b]">nsar_updateBestFreeSlot</a>
 <LI><a href="#[22a]">nsar_updateSlotListEntry</a>
 <LI><a href="#[240]">swap_u16</a>
 <LI><a href="#[1a6]">PM_Check_And_Set</a>
 <LI><a href="#[297]">wait_for_aes_ready</a>
 <LI><a href="#[22d]">addr_u32_from_u8</a>
 <LI><a href="#[22f]">le2ByteToInt16</a>
 <LI><a href="#[22e]">le4ByteToInt32</a>
 <LI><a href="#[17f]">LL_Set_DirectAddress</a>
 <LI><a href="#[18f]">addr_u32_from_u8</a>
 <LI><a href="#[189]">int32ToLe4Byte</a>
 <LI><a href="#[230]">le4ByteToInt32</a>
 <LI><a href="#[186]">wait_for_prescheduled_slot_cancellation</a>
 <LI><a href="#[18b]">convert_power</a>
 <LI><a href="#[2c5]">swap_u16</a>
 <LI><a href="#[2c4]">swap_u32</a>
 <LI><a href="#[2c3]">swap_u8</a>
 <LI><a href="#[f0]">Erase_Sector</a>
 <LI><a href="#[1d3]">Write_Client_Data</a>
 <LI><a href="#[20f]">int32ToLe4Byte</a>
 <LI><a href="#[1ca]">sdb_delete</a>
 <LI><a href="#[1d4]">sdb_find_client_data</a>
 <LI><a href="#[20e]">sdb_get_gatt_db_start_address</a>
 <LI><a href="#[1cb]">sdb_invalidate_record</a>
 <LI><a href="#[1c9]">sdb_read_record</a>
 <LI><a href="#[1c8]">sdb_read_record_validity</a>
 <LI><a href="#[1cc]">sdb_write_record</a>
 <LI><a href="#[2ad]">int32ToLe4Byte</a>
 <LI><a href="#[2ba]">smp_Build_AuthReq_Field</a>
 <LI><a href="#[2be]">smp_Build_Pairing_ReqResp_Packet</a>
 <LI><a href="#[2b9]">smp_Check_Incoming_Pairing_Parameters</a>
 <LI><a href="#[2a0]">smp_Determine_Key_Association_Method</a>
 <LI><a href="#[1e0]">smp_Execute_Actions_wrt_Current_State</a>
 <LI><a href="#[1db]">smp_Get_Long_Term_Key</a>
 <LI><a href="#[2bd]">smp_Get_Pairing_Parameters_From_Peer_Packet</a>
 <LI><a href="#[2a4]">smp_Keys_Distribution_Send</a>
 <LI><a href="#[2ac]">smp_LP_SR_Compute_c1_Confirm_Value</a>
 <LI><a href="#[1e1]">smp_Process_Rx_Packet_wrt_Current_State</a>
 <LI><a href="#[2b5]">smp_Set_Key_Association_Method</a>
 <LI><a href="#[2b1]">smp____SR_PairingConfirm_Receive</a>
 <LI><a href="#[2b2]">smp____SR_PairingRandom_Receive</a>
 <LI><a href="#[2b0]">smp____SR_PairingRequest_Receive</a>
 <LI><a href="#[1e8]">SMP_connection_complete_handler</a>
 <LI><a href="#[224]">aci_gap_authorization_req_event_push</a>
 <LI><a href="#[1e5]">aci_gap_pairing_complete_event_push</a>
 <LI><a href="#[1e7]">smp_Keys_Distribution_Complete</a>
 <LI><a href="#[1e9]">smp_flush_rx_queues</a>
 <LI><a href="#[2c0]">smp_pairing_process_abort</a>
 <LI><a href="#[1e6]">smp_update_statistics_on_pairing_complete</a>
 <LI><a href="#[98]">ATT_fill_type_val_entry</a>
 <LI><a href="#[9a]">ATT_validate_prepare_req</a>
 <LI><a href="#[101]">Pm_Resize_Host_Acl_Pckt</a>
 <LI><a href="#[fc]">aci_gatt_attribute_modified_event_push</a>
 <LI><a href="#[1c6]">aci_gatt_read_multi_permit_req_event_push</a>
 <LI><a href="#[1c4]">aci_gatt_read_permit_req_event_push</a>
 <LI><a href="#[210]">aci_gatt_write_permit_req_event_push</a>
 <LI><a href="#[1ef]">sma_Calculate_Hash</a>
 <LI><a href="#[29e]">sma_generate_subkeys</a>
 <LI><a href="#[29f]">sma_left_shift</a>
</UL>
</UL>
<P>
<H3>
Mutually Recursive functions
</H3> <LI><a href="#[7]">HardFault_Handler</a>&nbsp;&nbsp;&nbsp;&rArr;&nbsp;&nbsp;&nbsp;<a href="#[7]">HardFault_Handler</a><BR>
</UL>
<P>
<H3>
Function Pointers
</H3><UL>
 <LI><a href="#[11]">ADC_Handler</a> from system_bluenrg1.o(i.ADC_Handler) referenced from system_bluenrg1.o(.intvec)
 <LI><a href="#[f]">Blue_Handler</a> from bluenrg1_it.o(i.Blue_Handler) referenced from system_bluenrg1.o(.intvec)
 <LI><a href="#[1a]">DMA_Handler</a> from system_bluenrg1.o(i.DMA_Handler) referenced from system_bluenrg1.o(.intvec)
 <LI><a href="#[b]">GPIO_Handler</a> from bluenrg1_it.o(i.GPIO_Handler) referenced from system_bluenrg1.o(.intvec)
 <LI><a href="#[7]">HardFault_Handler</a> from bluenrg1_it.o(i.HardFault_Handler) referenced from system_bluenrg1.o(.intvec)
 <LI><a href="#[13]">I2C1_Handler</a> from system_bluenrg1.o(i.I2C1_Handler) referenced from system_bluenrg1.o(.intvec)
 <LI><a href="#[12]">I2C2_Handler</a> from system_bluenrg1.o(i.I2C2_Handler) referenced from system_bluenrg1.o(.intvec)
 <LI><a href="#[14]">MFT1A_Handler</a> from system_bluenrg1.o(i.MFT1A_Handler) referenced from system_bluenrg1.o(.intvec)
 <LI><a href="#[15]">MFT1B_Handler</a> from system_bluenrg1.o(i.MFT1B_Handler) referenced from system_bluenrg1.o(.intvec)
 <LI><a href="#[16]">MFT2A_Handler</a> from system_bluenrg1.o(i.MFT2A_Handler) referenced from system_bluenrg1.o(.intvec)
 <LI><a href="#[17]">MFT2B_Handler</a> from system_bluenrg1.o(i.MFT2B_Handler) referenced from system_bluenrg1.o(.intvec)
 <LI><a href="#[6]">NMI_Handler</a> from bluenrg1_it.o(i.NMI_Handler) referenced from system_bluenrg1.o(.intvec)
 <LI><a href="#[c]">NVM_Handler</a> from system_bluenrg1.o(i.NVM_Handler) referenced from system_bluenrg1.o(.intvec)
 <LI><a href="#[19]">PKA_Handler</a> from system_bluenrg1.o(i.PKA_Handler) referenced from system_bluenrg1.o(.intvec)
 <LI><a href="#[9]">PendSV_Handler</a> from system_bluenrg1.o(i.PendSV_Handler) referenced from system_bluenrg1.o(.intvec)
 <LI><a href="#[1d]">Process_InputData</a> from chat.o(i.Process_InputData) referenced from bluenrg_ecg_main.o(i.main)
 <LI><a href="#[5]">RESET_HANDLER</a> from system_bluenrg1.o(i.RESET_HANDLER) referenced from system_bluenrg1.o(.intvec)
 <LI><a href="#[18]">RTC_Handler</a> from system_bluenrg1.o(i.RTC_Handler) referenced from system_bluenrg1.o(.intvec)
 <LI><a href="#[e]">SPI_Handler</a> from system_bluenrg1.o(i.SPI_Handler) referenced from system_bluenrg1.o(.intvec)
 <LI><a href="#[8]">SVC_Handler</a> from bluenrg1_it.o(i.SVC_Handler) referenced from system_bluenrg1.o(.intvec)
 <LI><a href="#[a]">SysTick_Handler</a> from bluenrg1_it.o(i.SysTick_Handler) referenced from system_bluenrg1.o(.intvec)
 <LI><a href="#[d]">UART_Handler</a> from bluenrg1_it.o(i.UART_Handler) referenced from system_bluenrg1.o(.intvec)
 <LI><a href="#[10]">WDG_Handler</a> from system_bluenrg1.o(i.WDG_Handler) referenced from system_bluenrg1.o(.intvec)
 <LI><a href="#[42]">cb_aci_att_exchange_mtu_resp_event</a> from aci_events.o(i.cb_aci_att_exchange_mtu_resp_event) referenced from aci_events.o(.constdata)
 <LI><a href="#[4c]">cb_aci_att_exec_write_resp_event</a> from aci_events.o(i.cb_aci_att_exec_write_resp_event) referenced from aci_events.o(.constdata)
 <LI><a href="#[44]">cb_aci_att_find_by_type_value_resp_event</a> from aci_events.o(i.cb_aci_att_find_by_type_value_resp_event) referenced from aci_events.o(.constdata)
 <LI><a href="#[43]">cb_aci_att_find_info_resp_event</a> from aci_events.o(i.cb_aci_att_find_info_resp_event) referenced from aci_events.o(.constdata)
 <LI><a href="#[4b]">cb_aci_att_prepare_write_resp_event</a> from aci_events.o(i.cb_aci_att_prepare_write_resp_event) referenced from aci_events.o(.constdata)
 <LI><a href="#[47]">cb_aci_att_read_blob_resp_event</a> from aci_events.o(i.cb_aci_att_read_blob_resp_event) referenced from aci_events.o(.constdata)
 <LI><a href="#[49]">cb_aci_att_read_by_group_type_resp_event</a> from aci_events.o(i.cb_aci_att_read_by_group_type_resp_event) referenced from aci_events.o(.constdata)
 <LI><a href="#[45]">cb_aci_att_read_by_type_resp_event</a> from aci_events.o(i.cb_aci_att_read_by_type_resp_event) referenced from aci_events.o(.constdata)
 <LI><a href="#[48]">cb_aci_att_read_multiple_resp_event</a> from aci_events.o(i.cb_aci_att_read_multiple_resp_event) referenced from aci_events.o(.constdata)
 <LI><a href="#[46]">cb_aci_att_read_resp_event</a> from aci_events.o(i.cb_aci_att_read_resp_event) referenced from aci_events.o(.constdata)
 <LI><a href="#[4a]">cb_aci_att_write_resp_event</a> from aci_events.o(i.cb_aci_att_write_resp_event) referenced from aci_events.o(.constdata)
 <LI><a href="#[38]">cb_aci_gap_addr_not_resolved_event</a> from aci_events.o(i.cb_aci_gap_addr_not_resolved_event) referenced from aci_events.o(.constdata)
 <LI><a href="#[33]">cb_aci_gap_authorization_req_event</a> from aci_events.o(i.cb_aci_gap_authorization_req_event) referenced from aci_events.o(.constdata)
 <LI><a href="#[35]">cb_aci_gap_bond_lost_event</a> from aci_events.o(i.cb_aci_gap_bond_lost_event) referenced from aci_events.o(.constdata)
 <LI><a href="#[36]">cb_aci_gap_device_found_event</a> from aci_events.o(i.cb_aci_gap_device_found_event) referenced from aci_events.o(.constdata)
 <LI><a href="#[3a]">cb_aci_gap_keypress_notification_event</a> from aci_events.o(i.cb_aci_gap_keypress_notification_event) referenced from aci_events.o(.constdata)
 <LI><a href="#[30]">cb_aci_gap_limited_discoverable_event</a> from aci_events.o(i.cb_aci_gap_limited_discoverable_event) referenced from aci_events.o(.constdata)
 <LI><a href="#[39]">cb_aci_gap_numeric_comparison_value_event</a> from aci_events.o(i.cb_aci_gap_numeric_comparison_value_event) referenced from aci_events.o(.constdata)
 <LI><a href="#[31]">cb_aci_gap_pairing_complete_event</a> from aci_events.o(i.cb_aci_gap_pairing_complete_event) referenced from aci_events.o(.constdata)
 <LI><a href="#[32]">cb_aci_gap_pass_key_req_event</a> from aci_events.o(i.cb_aci_gap_pass_key_req_event) referenced from aci_events.o(.constdata)
 <LI><a href="#[37]">cb_aci_gap_proc_complete_event</a> from aci_events.o(i.cb_aci_gap_proc_complete_event) referenced from aci_events.o(.constdata)
 <LI><a href="#[34]">cb_aci_gap_slave_security_initiated_event</a> from aci_events.o(i.cb_aci_gap_slave_security_initiated_event) referenced from aci_events.o(.constdata)
 <LI><a href="#[40]">cb_aci_gatt_attribute_modified_event</a> from aci_events.o(i.cb_aci_gatt_attribute_modified_event) referenced from aci_events.o(.constdata)
 <LI><a href="#[51]">cb_aci_gatt_disc_read_char_by_uuid_resp_event</a> from aci_events.o(i.cb_aci_gatt_disc_read_char_by_uuid_resp_event) referenced from aci_events.o(.constdata)
 <LI><a href="#[50]">cb_aci_gatt_error_resp_event</a> from aci_events.o(i.cb_aci_gatt_error_resp_event) referenced from aci_events.o(.constdata)
 <LI><a href="#[4d]">cb_aci_gatt_indication_event</a> from aci_events.o(i.cb_aci_gatt_indication_event) referenced from aci_events.o(.constdata)
 <LI><a href="#[4e]">cb_aci_gatt_notification_event</a> from aci_events.o(i.cb_aci_gatt_notification_event) referenced from aci_events.o(.constdata)
 <LI><a href="#[53]">cb_aci_gatt_prepare_write_permit_req_event</a> from aci_events.o(i.cb_aci_gatt_prepare_write_permit_req_event) referenced from aci_events.o(.constdata)
 <LI><a href="#[4f]">cb_aci_gatt_proc_complete_event</a> from aci_events.o(i.cb_aci_gatt_proc_complete_event) referenced from aci_events.o(.constdata)
 <LI><a href="#[41]">cb_aci_gatt_proc_timeout_event</a> from aci_events.o(i.cb_aci_gatt_proc_timeout_event) referenced from aci_events.o(.constdata)
 <LI><a href="#[55]">cb_aci_gatt_read_multi_permit_req_event</a> from aci_events.o(i.cb_aci_gatt_read_multi_permit_req_event) referenced from aci_events.o(.constdata)
 <LI><a href="#[54]">cb_aci_gatt_read_permit_req_event</a> from aci_events.o(i.cb_aci_gatt_read_permit_req_event) referenced from aci_events.o(.constdata)
 <LI><a href="#[57]">cb_aci_gatt_server_confirmation_event</a> from aci_events.o(i.cb_aci_gatt_server_confirmation_event) referenced from aci_events.o(.constdata)
 <LI><a href="#[56]">cb_aci_gatt_tx_pool_available_event</a> from aci_events.o(i.cb_aci_gatt_tx_pool_available_event) referenced from aci_events.o(.constdata)
 <LI><a href="#[52]">cb_aci_gatt_write_permit_req_event</a> from aci_events.o(i.cb_aci_gatt_write_permit_req_event) referenced from aci_events.o(.constdata)
 <LI><a href="#[3f]">cb_aci_hal_fw_error_event</a> from aci_events.o(i.cb_aci_hal_fw_error_event) referenced from aci_events.o(.constdata)
 <LI><a href="#[2d]">cb_aci_hal_scan_req_report_event</a> from aci_events.o(i.cb_aci_hal_scan_req_report_event) referenced from aci_events.o(.constdata)
 <LI><a href="#[3e]">cb_aci_l2cap_command_reject_event</a> from aci_events.o(i.cb_aci_l2cap_command_reject_event) referenced from aci_events.o(.constdata)
 <LI><a href="#[3d]">cb_aci_l2cap_connection_update_req_event</a> from aci_events.o(i.cb_aci_l2cap_connection_update_req_event) referenced from aci_events.o(.constdata)
 <LI><a href="#[3b]">cb_aci_l2cap_connection_update_resp_event</a> from aci_events.o(i.cb_aci_l2cap_connection_update_resp_event) referenced from aci_events.o(.constdata)
 <LI><a href="#[3c]">cb_aci_l2cap_proc_timeout_event</a> from aci_events.o(i.cb_aci_l2cap_proc_timeout_event) referenced from aci_events.o(.constdata)
 <LI><a href="#[29]">cb_hci_data_buffer_overflow_event</a> from aci_events.o(i.cb_hci_data_buffer_overflow_event) referenced from aci_events.o(.constdata)
 <LI><a href="#[1e]">cb_hci_disconnection_complete_event</a> from aci_events.o(i.cb_hci_disconnection_complete_event) referenced from aci_events.o(.constdata)
 <LI><a href="#[1f]">cb_hci_encryption_change_event</a> from aci_events.o(i.cb_hci_encryption_change_event) referenced from aci_events.o(.constdata)
 <LI><a href="#[20]">cb_hci_encryption_key_refresh_complete_event</a> from aci_events.o(i.cb_hci_encryption_key_refresh_complete_event) referenced from aci_events.o(.constdata)
 <LI><a href="#[23]">cb_hci_le_advertising_report_event</a> from aci_events.o(i.cb_hci_le_advertising_report_event) referenced from aci_events.o(.constdata)
 <LI><a href="#[21]">cb_hci_le_connection_complete_event</a> from aci_events.o(i.cb_hci_le_connection_complete_event) referenced from aci_events.o(.constdata)
 <LI><a href="#[2b]">cb_hci_le_connection_update_complete_event</a> from aci_events.o(i.cb_hci_le_connection_update_complete_event) referenced from aci_events.o(.constdata)
 <LI><a href="#[24]">cb_hci_le_data_length_change_event</a> from aci_events.o(i.cb_hci_le_data_length_change_event) referenced from aci_events.o(.constdata)
 <LI><a href="#[28]">cb_hci_le_direct_advertising_report_event</a> from aci_events.o(i.cb_hci_le_direct_advertising_report_event) referenced from aci_events.o(.constdata)
 <LI><a href="#[27]">cb_hci_le_enhanced_connection_complete_event</a> from aci_events.o(i.cb_hci_le_enhanced_connection_complete_event) referenced from aci_events.o(.constdata)
 <LI><a href="#[26]">cb_hci_le_generate_dhkey_complete_event</a> from aci_events.o(i.cb_hci_le_generate_dhkey_complete_event) referenced from aci_events.o(.constdata)
 <LI><a href="#[22]">cb_hci_le_long_term_key_request_event</a> from aci_events.o(i.cb_hci_le_long_term_key_request_event) referenced from aci_events.o(.constdata)
 <LI><a href="#[25]">cb_hci_le_read_local_p256_public_key_complete_event</a> from aci_events.o(i.cb_hci_le_read_local_p256_public_key_complete_event) referenced from aci_events.o(.constdata)
 <LI><a href="#[2c]">cb_hci_le_read_remote_used_features_complete_event</a> from aci_events.o(i.cb_hci_le_read_remote_used_features_complete_event) referenced from aci_events.o(.constdata)
 <LI><a href="#[2e]">cb_hci_number_of_completed_packets_event</a> from aci_events.o(i.cb_hci_number_of_completed_packets_event) referenced from aci_events.o(.constdata)
 <LI><a href="#[2a]">cb_hci_read_remote_version_information_complete_event</a> from aci_events.o(i.cb_hci_read_remote_version_information_complete_event) referenced from aci_events.o(.constdata)
 <LI><a href="#[2f]">cb_hci_rx_acl_data_event</a> from aci_events.o(i.cb_hci_rx_acl_data_event) referenced from aci_events.o(.constdata)
 <LI><a href="#[1c]">fputc</a> from sdk_eval_com.o(i.fputc) referenced from printf8.o(i.__0printf$8)
 <LI><a href="#[59]">int_cb_hci_acl_data_ind_event</a> from acl.o(i.int_cb_hci_acl_data_ind_event) referenced from aci_events.o(.constdata)
 <LI><a href="#[58]">int_cb_hci_acl_data_tx_cmpl_event</a> from acl.o(i.int_cb_hci_acl_data_tx_cmpl_event) referenced from aci_events.o(.constdata)
 <LI><a href="#[5a]">int_cb_hci_disconnection_complete_event</a> from aci_events.o(i.int_cb_hci_disconnection_complete_event) referenced from aci_events.o(.constdata)
 <LI><a href="#[5b]">int_cb_hci_encryption_change_event</a> from aci_events.o(i.int_cb_hci_encryption_change_event) referenced from aci_events.o(.constdata)
 <LI><a href="#[5c]">int_cb_hci_encryption_key_refresh_complete_event</a> from aci_events.o(i.int_cb_hci_encryption_key_refresh_complete_event) referenced from aci_events.o(.constdata)
 <LI><a href="#[5f]">int_cb_hci_le_advertising_report_event</a> from aci_events.o(i.int_cb_hci_le_advertising_report_event) referenced from aci_events.o(.constdata)
 <LI><a href="#[5d]">int_cb_hci_le_connection_complete_event</a> from aci_events.o(i.int_cb_hci_le_connection_complete_event) referenced from aci_events.o(.constdata)
 <LI><a href="#[60]">int_cb_hci_le_data_length_change_event</a> from aci_events.o(i.int_cb_hci_le_data_length_change_event) referenced from aci_events.o(.constdata)
 <LI><a href="#[64]">int_cb_hci_le_direct_advertising_report_event</a> from aci_events.o(i.int_cb_hci_le_direct_advertising_report_event) referenced from aci_events.o(.constdata)
 <LI><a href="#[63]">int_cb_hci_le_enhanced_connection_complete_event</a> from aci_events.o(i.int_cb_hci_le_enhanced_connection_complete_event) referenced from aci_events.o(.constdata)
 <LI><a href="#[62]">int_cb_hci_le_generate_dhkey_complete_event</a> from aci_events.o(i.int_cb_hci_le_generate_dhkey_complete_event) referenced from aci_events.o(.constdata)
 <LI><a href="#[5e]">int_cb_hci_le_long_term_key_request_event</a> from aci_events.o(i.int_cb_hci_le_long_term_key_request_event) referenced from aci_events.o(.constdata)
 <LI><a href="#[61]">int_cb_hci_le_read_local_p256_public_key_complete_event</a> from aci_events.o(i.int_cb_hci_le_read_local_p256_public_key_complete_event) referenced from aci_events.o(.constdata)
 <LI><a href="#[1]">isr_advertise_state</a> from ll_isr.o(i.isr_advertise_state) referenced 2 times from ll_isr.o(.data)
 <LI><a href="#[2]">isr_connect_slave_state</a> from ll_isr.o(i.isr_connect_slave_state) referenced 2 times from ll_isr.o(.data)
 <LI><a href="#[4]">isr_test_rx_state</a> from ll_isr.o(i.isr_test_rx_state) referenced 2 times from ll_isr.o(.data)
 <LI><a href="#[3]">isr_test_tx_state</a> from ll_isr.o(i.isr_test_tx_state) referenced 2 times from ll_isr.o(.data)
 <LI><a href="#[0]">isr_unknown_state</a> from ll_isr.o(i.isr_unknown_state) referenced 8 times from ll_isr.o(.data)
 <LI><a href="#[1b]">main</a> from bluenrg_ecg_main.o(i.main) referenced from entry9a.o(.ARM.Collect$$$$0000000B)
</UL>
<P>
<H3>
Global Symbols
</H3>
<P><STRONG><a name="[2c6]"></a>CS_contextSave</STRONG> (Thumb, 82 bytes, Stack size 0 bytes, context_switch.o(. text), UNUSED)

<P><STRONG><a name="[21b]"></a>CS_contextRestore</STRONG> (Thumb, 42 bytes, Stack size 0 bytes, context_switch.o(. text))
<BR><BR>[Called By]<UL><LI><a href="#[1bf]">&gt;&gt;</a>&nbsp;&nbsp;&nbsp;__low_level_init
</UL>

<P><STRONG><a name="[65]"></a>__main</STRONG> (Thumb, 0 bytes, Stack size unknown bytes, entry.o(.ARM.Collect$$$$00000000))
<BR><BR>[Called By]<UL><LI><a href="#[5]">&gt;&gt;</a>&nbsp;&nbsp;&nbsp;RESET_HANDLER
</UL>

<P><STRONG><a name="[2c7]"></a>_main_stk</STRONG> (Thumb, 0 bytes, Stack size unknown bytes, entry3.o(.ARM.Collect$$$$00000002))

<P><STRONG><a name="[66]"></a>_main_scatterload</STRONG> (Thumb, 0 bytes, Stack size unknown bytes, entry5.o(.ARM.Collect$$$$00000004))
<BR><BR>[Calls]<UL><LI><a href="#[67]">&gt;&gt;</a>&nbsp;&nbsp;&nbsp;__scatterload
</UL>

<P><STRONG><a name="[81]"></a>__main_after_scatterload</STRONG> (Thumb, 0 bytes, Stack size unknown bytes, entry5.o(.ARM.Collect$$$$00000004))
<BR><BR>[Called By]<UL><LI><a href="#[67]">&gt;&gt;</a>&nbsp;&nbsp;&nbsp;__scatterload
</UL>

<P><STRONG><a name="[2c8]"></a>_main_clock</STRONG> (Thumb, 0 bytes, Stack size unknown bytes, entry7b.o(.ARM.Collect$$$$00000008))

<P><STRONG><a name="[2c9]"></a>_main_cpp_init</STRONG> (Thumb, 0 bytes, Stack size unknown bytes, entry8b.o(.ARM.Collect$$$$0000000A))

<P><STRONG><a name="[2ca]"></a>_main_init</STRONG> (Thumb, 0 bytes, Stack size unknown bytes, entry9a.o(.ARM.Collect$$$$0000000B))

<P><STRONG><a name="[2cb]"></a>__rt_final_cpp</STRONG> (Thumb, 0 bytes, Stack size unknown bytes, entry10a.o(.ARM.Collect$$$$0000000D))

<P><STRONG><a name="[2cc]"></a>__rt_final_exit</STRONG> (Thumb, 0 bytes, Stack size unknown bytes, entry11a.o(.ARM.Collect$$$$0000000F))

<P><STRONG><a name="[2cd]"></a>__aeabi_uidiv</STRONG> (Thumb, 0 bytes, Stack size 12 bytes, uidiv.o(.text), UNUSED)

<P><STRONG><a name="[146]"></a>__aeabi_uidivmod</STRONG> (Thumb, 44 bytes, Stack size 12 bytes, uidiv.o(.text))
<BR><BR>[Stack]<UL><LI>Max Depth = 12<LI>Call Chain = __aeabi_uidivmod
</UL>
<BR>[Called By]<UL><LI><a href="#[1fb]">&gt;&gt;</a>&nbsp;&nbsp;&nbsp;UART_Init
<LI><a href="#[bb]">&gt;&gt;</a>&nbsp;&nbsp;&nbsp;Gatt_Process_Q
<LI><a href="#[229]">&gt;&gt;</a>&nbsp;&nbsp;&nbsp;adapt_slot
</UL>

<P><STRONG><a name="[2ce]"></a>____aeabi_memcpy8$ret$move</STRONG> (Thumb, 0 bytes, Stack size 8 bytes, memmove.o(.text), UNUSED)

<P><STRONG><a name="[2cf]"></a>___aeabi_memmove$ret</STRONG> (Thumb, 0 bytes, Stack size 8 bytes, memmove.o(.text), UNUSED)

<P><STRONG><a name="[2d0]"></a>___aeabi_memmove8$ret</STRONG> (Thumb, 0 bytes, Stack size 8 bytes, memmove.o(.text), UNUSED)

<P><STRONG><a name="[138]"></a>__aeabi_memcpy</STRONG> (Thumb, 66 bytes, Stack size 8 bytes, memmove.o(.text))
<BR><BR>[Stack]<UL><LI>Max Depth = 8<LI>Call Chain = __aeabi_memcpy
</UL>
<BR>[Called By]<UL><LI><a href="#[10c]">&gt;&gt;</a>&nbsp;&nbsp;&nbsp;Gatt_Add_Service
<LI><a href="#[10d]">&gt;&gt;</a>&nbsp;&nbsp;&nbsp;Gatt_Add_Characteristic
</UL>

<P><STRONG><a name="[eb]"></a>__aeabi_memcpy4</STRONG> (Thumb, 0 bytes, Stack size 8 bytes, memmove.o(.text))
<BR><BR>[Stack]<UL><LI>Max Depth = 8<LI>Call Chain = __aeabi_memcpy4
</UL>
<BR>[Called By]<UL><LI><a href="#[ea]">&gt;&gt;</a>&nbsp;&nbsp;&nbsp;DeviceConfiguration
<LI><a href="#[94]">&gt;&gt;</a>&nbsp;&nbsp;&nbsp;Make_Connection
<LI><a href="#[2b8]">&gt;&gt;</a>&nbsp;&nbsp;&nbsp;smp_add_pairing_record_to_bonding_database
<LI><a href="#[2a0]">&gt;&gt;</a>&nbsp;&nbsp;&nbsp;smp_Determine_Key_Association_Method
</UL>

<P><STRONG><a name="[19a]"></a>__aeabi_memmove4</STRONG> (Thumb, 0 bytes, Stack size 8 bytes, memmove.o(.text))
<BR><BR>[Stack]<UL><LI>Max Depth = 8<LI>Call Chain = __aeabi_memmove4
</UL>
<BR>[Called By]<UL><LI><a href="#[199]">&gt;&gt;</a>&nbsp;&nbsp;&nbsp;Mem_Buff_Block_Copy
<LI><a href="#[19b]">&gt;&gt;</a>&nbsp;&nbsp;&nbsp;Mem_Buff_Block_Write
</UL>

<P><STRONG><a name="[1a2]"></a>memcpy</STRONG> (Thumb, 0 bytes, Stack size 8 bytes, memmove.o(.text))
<BR><BR>[Stack]<UL><LI>Max Depth = 8<LI>Call Chain = memcpy
</UL>
<BR>[Called By]<UL><LI><a href="#[97]">&gt;&gt;</a>&nbsp;&nbsp;&nbsp;Osal_MemCpy
</UL>

<P><STRONG><a name="[2d1]"></a>memmove</STRONG> (Thumb, 0 bytes, Stack size 8 bytes, memmove.o(.text), UNUSED)

<P><STRONG><a name="[69]"></a>__aeabi_memset</STRONG> (Thumb, 14 bytes, Stack size 0 bytes, memseta.o(.text))
<BR><BR>[Called By]<UL><LI><a href="#[6a]">&gt;&gt;</a>&nbsp;&nbsp;&nbsp;memset
<LI><a href="#[68]">&gt;&gt;</a>&nbsp;&nbsp;&nbsp;__aeabi_memclr
</UL>

<P><STRONG><a name="[2d2]"></a>__aeabi_memset4</STRONG> (Thumb, 0 bytes, Stack size 0 bytes, memseta.o(.text), UNUSED)

<P><STRONG><a name="[2d3]"></a>__aeabi_memset8</STRONG> (Thumb, 0 bytes, Stack size 0 bytes, memseta.o(.text), UNUSED)

<P><STRONG><a name="[68]"></a>__aeabi_memclr</STRONG> (Thumb, 4 bytes, Stack size 0 bytes, memseta.o(.text), UNUSED)
<BR><BR>[Calls]<UL><LI><a href="#[69]">&gt;&gt;</a>&nbsp;&nbsp;&nbsp;__aeabi_memset
</UL>

<P><STRONG><a name="[21c]"></a>__aeabi_memclr4</STRONG> (Thumb, 0 bytes, Stack size 0 bytes, memseta.o(.text))
<BR><BR>[Called By]<UL><LI><a href="#[124]">&gt;&gt;</a>&nbsp;&nbsp;&nbsp;_gap_set_discoverable_connectable
</UL>

<P><STRONG><a name="[2d4]"></a>__aeabi_memclr8</STRONG> (Thumb, 0 bytes, Stack size 0 bytes, memseta.o(.text), UNUSED)

<P><STRONG><a name="[6a]"></a>memset</STRONG> (Thumb, 18 bytes, Stack size 8 bytes, memseta.o(.text))
<BR><BR>[Stack]<UL><LI>Max Depth = 8<LI>Call Chain = memset
</UL>
<BR>[Calls]<UL><LI><a href="#[69]">&gt;&gt;</a>&nbsp;&nbsp;&nbsp;__aeabi_memset
</UL>
<BR>[Called By]<UL><LI><a href="#[f6]">&gt;&gt;</a>&nbsp;&nbsp;&nbsp;Osal_MemSet
</UL>

<P><STRONG><a name="[1a1]"></a>memcmp</STRONG> (Thumb, 26 bytes, Stack size 12 bytes, memcmp.o(.text))
<BR><BR>[Stack]<UL><LI>Max Depth = 12<LI>Call Chain = memcmp
</UL>
<BR>[Called By]<UL><LI><a href="#[9f]">&gt;&gt;</a>&nbsp;&nbsp;&nbsp;Osal_MemCmp
</UL>

<P><STRONG><a name="[181]"></a>__aeabi_uread4</STRONG> (Thumb, 20 bytes, Stack size 0 bytes, uread4.o(.text))
<BR><BR>[Called By]<UL><LI><a href="#[17b]">&gt;&gt;</a>&nbsp;&nbsp;&nbsp;LL_Check_And_Set_Addresses
<LI><a href="#[1d3]">&gt;&gt;</a>&nbsp;&nbsp;&nbsp;Write_Client_Data
</UL>

<P><STRONG><a name="[2d5]"></a>__rt_uread4</STRONG> (Thumb, 0 bytes, Stack size 0 bytes, uread4.o(.text), UNUSED)

<P><STRONG><a name="[2d6]"></a>_uread4</STRONG> (Thumb, 0 bytes, Stack size 0 bytes, uread4.o(.text), UNUSED)

<P><STRONG><a name="[6b]"></a>__aeabi_fadd</STRONG> (Thumb, 162 bytes, Stack size 24 bytes, fadd.o(.text))
<BR><BR>[Stack]<UL><LI>Max Depth = 36<LI>Call Chain = __aeabi_fadd &rArr; _float_epilogue
</UL>
<BR>[Calls]<UL><LI><a href="#[6d]">&gt;&gt;</a>&nbsp;&nbsp;&nbsp;_float_round
<LI><a href="#[6c]">&gt;&gt;</a>&nbsp;&nbsp;&nbsp;_float_epilogue
</UL>
<BR>[Called By]<UL><LI><a href="#[6e]">&gt;&gt;</a>&nbsp;&nbsp;&nbsp;__aeabi_fsub
<LI><a href="#[8c]">&gt;&gt;</a>&nbsp;&nbsp;&nbsp;ADC_ConvertSingleEndedVoltage
<LI><a href="#[8d]">&gt;&gt;</a>&nbsp;&nbsp;&nbsp;ADC_ConvertDifferentialVoltage
<LI><a href="#[6f]">&gt;&gt;</a>&nbsp;&nbsp;&nbsp;__aeabi_frsub
</UL>

<P><STRONG><a name="[6e]"></a>__aeabi_fsub</STRONG> (Thumb, 8 bytes, Stack size 0 bytes, fadd.o(.text))
<BR><BR>[Stack]<UL><LI>Max Depth = 36<LI>Call Chain = __aeabi_fsub &rArr; __aeabi_fadd &rArr; _float_epilogue
</UL>
<BR>[Calls]<UL><LI><a href="#[6b]">&gt;&gt;</a>&nbsp;&nbsp;&nbsp;__aeabi_fadd
</UL>
<BR>[Called By]<UL><LI><a href="#[85]">&gt;&gt;</a>&nbsp;&nbsp;&nbsp;ADC_SwCalibration
<LI><a href="#[8f]">&gt;&gt;</a>&nbsp;&nbsp;&nbsp;ADC_ConvertTemperatureSensor
<LI><a href="#[82]">&gt;&gt;</a>&nbsp;&nbsp;&nbsp;ADC_CompensateOutputValue
</UL>

<P><STRONG><a name="[6f]"></a>__aeabi_frsub</STRONG> (Thumb, 8 bytes, Stack size 0 bytes, fadd.o(.text), UNUSED)
<BR><BR>[Calls]<UL><LI><a href="#[6b]">&gt;&gt;</a>&nbsp;&nbsp;&nbsp;__aeabi_fadd
</UL>

<P><STRONG><a name="[83]"></a>__aeabi_fmul</STRONG> (Thumb, 122 bytes, Stack size 16 bytes, fmul.o(.text))
<BR><BR>[Stack]<UL><LI>Max Depth = 16<LI>Call Chain = __aeabi_fmul
</UL>
<BR>[Called By]<UL><LI><a href="#[85]">&gt;&gt;</a>&nbsp;&nbsp;&nbsp;ADC_SwCalibration
<LI><a href="#[8f]">&gt;&gt;</a>&nbsp;&nbsp;&nbsp;ADC_ConvertTemperatureSensor
<LI><a href="#[8c]">&gt;&gt;</a>&nbsp;&nbsp;&nbsp;ADC_ConvertSingleEndedVoltage
<LI><a href="#[8d]">&gt;&gt;</a>&nbsp;&nbsp;&nbsp;ADC_ConvertDifferentialVoltage
<LI><a href="#[8b]">&gt;&gt;</a>&nbsp;&nbsp;&nbsp;ADC_ConvertBatterySensor
<LI><a href="#[82]">&gt;&gt;</a>&nbsp;&nbsp;&nbsp;ADC_CompensateOutputValue
</UL>

<P><STRONG><a name="[70]"></a>__aeabi_fdiv</STRONG> (Thumb, 124 bytes, Stack size 16 bytes, fdiv.o(.text))
<BR><BR>[Stack]<UL><LI>Max Depth = 16<LI>Call Chain = __aeabi_fdiv
</UL>
<BR>[Calls]<UL><LI><a href="#[6d]">&gt;&gt;</a>&nbsp;&nbsp;&nbsp;_float_round
</UL>
<BR>[Called By]<UL><LI><a href="#[85]">&gt;&gt;</a>&nbsp;&nbsp;&nbsp;ADC_SwCalibration
<LI><a href="#[8c]">&gt;&gt;</a>&nbsp;&nbsp;&nbsp;ADC_ConvertSingleEndedVoltage
<LI><a href="#[8d]">&gt;&gt;</a>&nbsp;&nbsp;&nbsp;ADC_ConvertDifferentialVoltage
</UL>

<P><STRONG><a name="[71]"></a>__aeabi_dadd</STRONG> (Thumb, 328 bytes, Stack size 48 bytes, dadd.o(.text))
<BR><BR>[Stack]<UL><LI>Max Depth = 104<LI>Call Chain = __aeabi_dadd &rArr; _double_epilogue &rArr; __aeabi_llsr
</UL>
<BR>[Calls]<UL><LI><a href="#[73]">&gt;&gt;</a>&nbsp;&nbsp;&nbsp;__aeabi_lasr
<LI><a href="#[72]">&gt;&gt;</a>&nbsp;&nbsp;&nbsp;__aeabi_llsl
<LI><a href="#[75]">&gt;&gt;</a>&nbsp;&nbsp;&nbsp;_double_round
<LI><a href="#[74]">&gt;&gt;</a>&nbsp;&nbsp;&nbsp;_double_epilogue
</UL>
<BR>[Called By]<UL><LI><a href="#[76]">&gt;&gt;</a>&nbsp;&nbsp;&nbsp;__aeabi_dsub
<LI><a href="#[77]">&gt;&gt;</a>&nbsp;&nbsp;&nbsp;__aeabi_drsub
<LI><a href="#[85]">&gt;&gt;</a>&nbsp;&nbsp;&nbsp;ADC_SwCalibration
<LI><a href="#[8c]">&gt;&gt;</a>&nbsp;&nbsp;&nbsp;ADC_ConvertSingleEndedVoltage
</UL>

<P><STRONG><a name="[76]"></a>__aeabi_dsub</STRONG> (Thumb, 12 bytes, Stack size 8 bytes, dadd.o(.text))
<BR><BR>[Stack]<UL><LI>Max Depth = 112<LI>Call Chain = __aeabi_dsub &rArr; __aeabi_dadd &rArr; _double_epilogue &rArr; __aeabi_llsr
</UL>
<BR>[Calls]<UL><LI><a href="#[71]">&gt;&gt;</a>&nbsp;&nbsp;&nbsp;__aeabi_dadd
</UL>
<BR>[Called By]<UL><LI><a href="#[85]">&gt;&gt;</a>&nbsp;&nbsp;&nbsp;ADC_SwCalibration
</UL>

<P><STRONG><a name="[77]"></a>__aeabi_drsub</STRONG> (Thumb, 12 bytes, Stack size 8 bytes, dadd.o(.text))
<BR><BR>[Stack]<UL><LI>Max Depth = 112<LI>Call Chain = __aeabi_drsub &rArr; __aeabi_dadd &rArr; _double_epilogue &rArr; __aeabi_llsr
</UL>
<BR>[Calls]<UL><LI><a href="#[71]">&gt;&gt;</a>&nbsp;&nbsp;&nbsp;__aeabi_dadd
</UL>
<BR>[Called By]<UL><LI><a href="#[85]">&gt;&gt;</a>&nbsp;&nbsp;&nbsp;ADC_SwCalibration
<LI><a href="#[8c]">&gt;&gt;</a>&nbsp;&nbsp;&nbsp;ADC_ConvertSingleEndedVoltage
</UL>

<P><STRONG><a name="[78]"></a>__aeabi_dmul</STRONG> (Thumb, 202 bytes, Stack size 72 bytes, dmul.o(.text))
<BR><BR>[Stack]<UL><LI>Max Depth = 128<LI>Call Chain = __aeabi_dmul &rArr; _double_epilogue &rArr; __aeabi_llsr
</UL>
<BR>[Calls]<UL><LI><a href="#[74]">&gt;&gt;</a>&nbsp;&nbsp;&nbsp;_double_epilogue
</UL>
<BR>[Called By]<UL><LI><a href="#[85]">&gt;&gt;</a>&nbsp;&nbsp;&nbsp;ADC_SwCalibration
<LI><a href="#[8c]">&gt;&gt;</a>&nbsp;&nbsp;&nbsp;ADC_ConvertSingleEndedVoltage
<LI><a href="#[201]">&gt;&gt;</a>&nbsp;&nbsp;&nbsp;Send_Battery
</UL>

<P><STRONG><a name="[79]"></a>__aeabi_ddiv</STRONG> (Thumb, 234 bytes, Stack size 40 bytes, ddiv.o(.text))
<BR><BR>[Stack]<UL><LI>Max Depth = 48<LI>Call Chain = __aeabi_ddiv &rArr; _double_round
</UL>
<BR>[Calls]<UL><LI><a href="#[75]">&gt;&gt;</a>&nbsp;&nbsp;&nbsp;_double_round
</UL>
<BR>[Called By]<UL><LI><a href="#[85]">&gt;&gt;</a>&nbsp;&nbsp;&nbsp;ADC_SwCalibration
</UL>

<P><STRONG><a name="[92]"></a>__ARM_scalbn</STRONG> (Thumb, 44 bytes, Stack size 16 bytes, dscalb.o(.text))
<BR><BR>[Stack]<UL><LI>Max Depth = 16<LI>Call Chain = __ARM_scalbn
</UL>
<BR>[Called By]<UL><LI><a href="#[85]">&gt;&gt;</a>&nbsp;&nbsp;&nbsp;ADC_SwCalibration
</UL>

<P><STRONG><a name="[2d7]"></a>scalbn</STRONG> (Thumb, 0 bytes, Stack size 16 bytes, dscalb.o(.text), UNUSED)

<P><STRONG><a name="[7a]"></a>__aeabi_i2f</STRONG> (Thumb, 22 bytes, Stack size 8 bytes, fflti.o(.text))
<BR><BR>[Stack]<UL><LI>Max Depth = 20<LI>Call Chain = __aeabi_i2f &rArr; _float_epilogue
</UL>
<BR>[Calls]<UL><LI><a href="#[6c]">&gt;&gt;</a>&nbsp;&nbsp;&nbsp;_float_epilogue
</UL>
<BR>[Called By]<UL><LI><a href="#[85]">&gt;&gt;</a>&nbsp;&nbsp;&nbsp;ADC_SwCalibration
<LI><a href="#[90]">&gt;&gt;</a>&nbsp;&nbsp;&nbsp;ADC_GetConvertedData
<LI><a href="#[8c]">&gt;&gt;</a>&nbsp;&nbsp;&nbsp;ADC_ConvertSingleEndedVoltage
<LI><a href="#[8d]">&gt;&gt;</a>&nbsp;&nbsp;&nbsp;ADC_ConvertDifferentialVoltage
</UL>

<P><STRONG><a name="[7b]"></a>__aeabi_ui2f</STRONG> (Thumb, 14 bytes, Stack size 8 bytes, ffltui.o(.text))
<BR><BR>[Stack]<UL><LI>Max Depth = 20<LI>Call Chain = __aeabi_ui2f &rArr; _float_epilogue
</UL>
<BR>[Calls]<UL><LI><a href="#[6c]">&gt;&gt;</a>&nbsp;&nbsp;&nbsp;_float_epilogue
</UL>
<BR>[Called By]<UL><LI><a href="#[8c]">&gt;&gt;</a>&nbsp;&nbsp;&nbsp;ADC_ConvertSingleEndedVoltage
<LI><a href="#[8d]">&gt;&gt;</a>&nbsp;&nbsp;&nbsp;ADC_ConvertDifferentialVoltage
</UL>

<P><STRONG><a name="[7c]"></a>__aeabi_d2uiz</STRONG> (Thumb, 50 bytes, Stack size 8 bytes, dfixui.o(.text))
<BR><BR>[Stack]<UL><LI>Max Depth = 16<LI>Call Chain = __aeabi_d2uiz &rArr; __aeabi_llsr
</UL>
<BR>[Calls]<UL><LI><a href="#[7d]">&gt;&gt;</a>&nbsp;&nbsp;&nbsp;__aeabi_llsr
</UL>
<BR>[Called By]<UL><LI><a href="#[201]">&gt;&gt;</a>&nbsp;&nbsp;&nbsp;Send_Battery
</UL>

<P><STRONG><a name="[8e]"></a>__aeabi_f2d</STRONG> (Thumb, 40 bytes, Stack size 0 bytes, f2d.o(.text))
<BR><BR>[Called By]<UL><LI><a href="#[85]">&gt;&gt;</a>&nbsp;&nbsp;&nbsp;ADC_SwCalibration
<LI><a href="#[8c]">&gt;&gt;</a>&nbsp;&nbsp;&nbsp;ADC_ConvertSingleEndedVoltage
<LI><a href="#[201]">&gt;&gt;</a>&nbsp;&nbsp;&nbsp;Send_Battery
</UL>

<P><STRONG><a name="[7e]"></a>__aeabi_d2f</STRONG> (Thumb, 56 bytes, Stack size 8 bytes, d2f.o(.text))
<BR><BR>[Stack]<UL><LI>Max Depth = 8<LI>Call Chain = __aeabi_d2f
</UL>
<BR>[Calls]<UL><LI><a href="#[6d]">&gt;&gt;</a>&nbsp;&nbsp;&nbsp;_float_round
</UL>
<BR>[Called By]<UL><LI><a href="#[85]">&gt;&gt;</a>&nbsp;&nbsp;&nbsp;ADC_SwCalibration
<LI><a href="#[8c]">&gt;&gt;</a>&nbsp;&nbsp;&nbsp;ADC_ConvertSingleEndedVoltage
</UL>

<P><STRONG><a name="[7f]"></a>__aeabi_uldivmod</STRONG> (Thumb, 96 bytes, Stack size 48 bytes, uldiv.o(.text), UNUSED)
<BR><BR>[Calls]<UL><LI><a href="#[7d]">&gt;&gt;</a>&nbsp;&nbsp;&nbsp;__aeabi_llsr
<LI><a href="#[72]">&gt;&gt;</a>&nbsp;&nbsp;&nbsp;__aeabi_llsl
</UL>
<BR>[Called By]<UL><LI><a href="#[218]">&gt;&gt;</a>&nbsp;&nbsp;&nbsp;_printf_core
</UL>

<P><STRONG><a name="[72]"></a>__aeabi_llsl</STRONG> (Thumb, 32 bytes, Stack size 8 bytes, llshl.o(.text))
<BR><BR>[Stack]<UL><LI>Max Depth = 8<LI>Call Chain = __aeabi_llsl
</UL>
<BR>[Called By]<UL><LI><a href="#[71]">&gt;&gt;</a>&nbsp;&nbsp;&nbsp;__aeabi_dadd
<LI><a href="#[7f]">&gt;&gt;</a>&nbsp;&nbsp;&nbsp;__aeabi_uldivmod
<LI><a href="#[74]">&gt;&gt;</a>&nbsp;&nbsp;&nbsp;_double_epilogue
</UL>

<P><STRONG><a name="[2d8]"></a>_ll_shift_l</STRONG> (Thumb, 0 bytes, Stack size 8 bytes, llshl.o(.text), UNUSED)

<P><STRONG><a name="[7d]"></a>__aeabi_llsr</STRONG> (Thumb, 34 bytes, Stack size 8 bytes, llushr.o(.text))
<BR><BR>[Stack]<UL><LI>Max Depth = 8<LI>Call Chain = __aeabi_llsr
</UL>
<BR>[Called By]<UL><LI><a href="#[7c]">&gt;&gt;</a>&nbsp;&nbsp;&nbsp;__aeabi_d2uiz
<LI><a href="#[7f]">&gt;&gt;</a>&nbsp;&nbsp;&nbsp;__aeabi_uldivmod
<LI><a href="#[74]">&gt;&gt;</a>&nbsp;&nbsp;&nbsp;_double_epilogue
</UL>

<P><STRONG><a name="[2d9]"></a>_ll_ushift_r</STRONG> (Thumb, 0 bytes, Stack size 8 bytes, llushr.o(.text), UNUSED)

<P><STRONG><a name="[73]"></a>__aeabi_lasr</STRONG> (Thumb, 38 bytes, Stack size 8 bytes, llsshr.o(.text))
<BR><BR>[Stack]<UL><LI>Max Depth = 8<LI>Call Chain = __aeabi_lasr
</UL>
<BR>[Called By]<UL><LI><a href="#[71]">&gt;&gt;</a>&nbsp;&nbsp;&nbsp;__aeabi_dadd
</UL>

<P><STRONG><a name="[2da]"></a>_ll_sshift_r</STRONG> (Thumb, 0 bytes, Stack size 8 bytes, llsshr.o(.text), UNUSED)

<P><STRONG><a name="[2db]"></a>__I$use$fp</STRONG> (Thumb, 0 bytes, Stack size 0 bytes, iusefp.o(.text), UNUSED)

<P><STRONG><a name="[6d]"></a>_float_round</STRONG> (Thumb, 16 bytes, Stack size 0 bytes, fepilogue.o(.text))
<BR><BR>[Called By]<UL><LI><a href="#[70]">&gt;&gt;</a>&nbsp;&nbsp;&nbsp;__aeabi_fdiv
<LI><a href="#[6b]">&gt;&gt;</a>&nbsp;&nbsp;&nbsp;__aeabi_fadd
<LI><a href="#[7e]">&gt;&gt;</a>&nbsp;&nbsp;&nbsp;__aeabi_d2f
</UL>

<P><STRONG><a name="[6c]"></a>_float_epilogue</STRONG> (Thumb, 114 bytes, Stack size 12 bytes, fepilogue.o(.text))
<BR><BR>[Stack]<UL><LI>Max Depth = 12<LI>Call Chain = _float_epilogue
</UL>
<BR>[Called By]<UL><LI><a href="#[7b]">&gt;&gt;</a>&nbsp;&nbsp;&nbsp;__aeabi_ui2f
<LI><a href="#[7a]">&gt;&gt;</a>&nbsp;&nbsp;&nbsp;__aeabi_i2f
<LI><a href="#[6b]">&gt;&gt;</a>&nbsp;&nbsp;&nbsp;__aeabi_fadd
</UL>

<P><STRONG><a name="[75]"></a>_double_round</STRONG> (Thumb, 26 bytes, Stack size 8 bytes, depilogue.o(.text))
<BR><BR>[Stack]<UL><LI>Max Depth = 8<LI>Call Chain = _double_round
</UL>
<BR>[Called By]<UL><LI><a href="#[79]">&gt;&gt;</a>&nbsp;&nbsp;&nbsp;__aeabi_ddiv
<LI><a href="#[71]">&gt;&gt;</a>&nbsp;&nbsp;&nbsp;__aeabi_dadd
<LI><a href="#[74]">&gt;&gt;</a>&nbsp;&nbsp;&nbsp;_double_epilogue
</UL>

<P><STRONG><a name="[74]"></a>_double_epilogue</STRONG> (Thumb, 164 bytes, Stack size 48 bytes, depilogue.o(.text))
<BR><BR>[Stack]<UL><LI>Max Depth = 56<LI>Call Chain = _double_epilogue &rArr; __aeabi_llsr
</UL>
<BR>[Calls]<UL><LI><a href="#[80]">&gt;&gt;</a>&nbsp;&nbsp;&nbsp;__ARM_clz
<LI><a href="#[7d]">&gt;&gt;</a>&nbsp;&nbsp;&nbsp;__aeabi_llsr
<LI><a href="#[72]">&gt;&gt;</a>&nbsp;&nbsp;&nbsp;__aeabi_llsl
<LI><a href="#[75]">&gt;&gt;</a>&nbsp;&nbsp;&nbsp;_double_round
</UL>
<BR>[Called By]<UL><LI><a href="#[78]">&gt;&gt;</a>&nbsp;&nbsp;&nbsp;__aeabi_dmul
<LI><a href="#[71]">&gt;&gt;</a>&nbsp;&nbsp;&nbsp;__aeabi_dadd
</UL>

<P><STRONG><a name="[67]"></a>__scatterload</STRONG> (Thumb, 28 bytes, Stack size 0 bytes, init.o(.text))
<BR><BR>[Calls]<UL><LI><a href="#[81]">&gt;&gt;</a>&nbsp;&nbsp;&nbsp;__main_after_scatterload
</UL>
<BR>[Called By]<UL><LI><a href="#[66]">&gt;&gt;</a>&nbsp;&nbsp;&nbsp;_main_scatterload
</UL>

<P><STRONG><a name="[2dc]"></a>__scatterload_rt2</STRONG> (Thumb, 0 bytes, Stack size 0 bytes, init.o(.text), UNUSED)

<P><STRONG><a name="[2dd]"></a>__decompress</STRONG> (Thumb, 0 bytes, Stack size unknown bytes, __dczerorl2.o(.text), UNUSED)

<P><STRONG><a name="[2de]"></a>__decompress1</STRONG> (Thumb, 86 bytes, Stack size unknown bytes, __dczerorl2.o(.text), UNUSED)

<P><STRONG><a name="[89]"></a>ADC_AutoOffsetUpdate</STRONG> (Thumb, 22 bytes, Stack size 0 bytes, bluenrg1_adc.o(i.ADC_AutoOffsetUpdate))
<BR><BR>[Called By]<UL><LI><a href="#[84]">&gt;&gt;</a>&nbsp;&nbsp;&nbsp;ADC_Configuration
</UL>

<P><STRONG><a name="[8a]"></a>ADC_Calibration</STRONG> (Thumb, 30 bytes, Stack size 0 bytes, bluenrg1_adc.o(i.ADC_Calibration))
<BR><BR>[Called By]<UL><LI><a href="#[84]">&gt;&gt;</a>&nbsp;&nbsp;&nbsp;ADC_Configuration
</UL>

<P><STRONG><a name="[1c3]"></a>ADC_Cmd</STRONG> (Thumb, 44 bytes, Stack size 0 bytes, bluenrg1_adc.o(i.ADC_Cmd))
<BR><BR>[Called By]<UL><LI><a href="#[201]">&gt;&gt;</a>&nbsp;&nbsp;&nbsp;Send_Battery
<LI><a href="#[1c0]">&gt;&gt;</a>&nbsp;&nbsp;&nbsp;Read_ADC
<LI><a href="#[1b]">&gt;&gt;</a>&nbsp;&nbsp;&nbsp;main
</UL>

<P><STRONG><a name="[82]"></a>ADC_CompensateOutputValue</STRONG> (Thumb, 18 bytes, Stack size 8 bytes, bluenrg1_adc.o(i.ADC_CompensateOutputValue))
<BR><BR>[Stack]<UL><LI>Max Depth = 44<LI>Call Chain = ADC_CompensateOutputValue &rArr; __aeabi_fsub &rArr; __aeabi_fadd &rArr; _float_epilogue
</UL>
<BR>[Calls]<UL><LI><a href="#[6e]">&gt;&gt;</a>&nbsp;&nbsp;&nbsp;__aeabi_fsub
<LI><a href="#[83]">&gt;&gt;</a>&nbsp;&nbsp;&nbsp;__aeabi_fmul
</UL>
<BR>[Called By]<UL><LI><a href="#[201]">&gt;&gt;</a>&nbsp;&nbsp;&nbsp;Send_Battery
</UL>

<P><STRONG><a name="[84]"></a>ADC_Configuration</STRONG> (Thumb, 80 bytes, Stack size 16 bytes, bluenrg_ecg_main.o(i.ADC_Configuration))
<BR><BR>[Stack]<UL><LI>Max Depth = 168<LI>Call Chain = ADC_Configuration &rArr; ADC_SwCalibration &rArr; __aeabi_dmul &rArr; _double_epilogue &rArr; __aeabi_llsr
</UL>
<BR>[Calls]<UL><LI><a href="#[85]">&gt;&gt;</a>&nbsp;&nbsp;&nbsp;ADC_SwCalibration
<LI><a href="#[88]">&gt;&gt;</a>&nbsp;&nbsp;&nbsp;ADC_Init
<LI><a href="#[8a]">&gt;&gt;</a>&nbsp;&nbsp;&nbsp;ADC_Calibration
<LI><a href="#[89]">&gt;&gt;</a>&nbsp;&nbsp;&nbsp;ADC_AutoOffsetUpdate
<LI><a href="#[87]">&gt;&gt;</a>&nbsp;&nbsp;&nbsp;SysCtrl_PeripheralClockCmd
<LI><a href="#[86]">&gt;&gt;</a>&nbsp;&nbsp;&nbsp;__2printf
</UL>
<BR>[Called By]<UL><LI><a href="#[1b]">&gt;&gt;</a>&nbsp;&nbsp;&nbsp;main
</UL>

<P><STRONG><a name="[8b]"></a>ADC_ConvertBatterySensor</STRONG> (Thumb, 20 bytes, Stack size 8 bytes, bluenrg1_adc.o(i.ADC_ConvertBatterySensor))
<BR><BR>[Stack]<UL><LI>Max Depth = 160<LI>Call Chain = ADC_ConvertBatterySensor &rArr; ADC_ConvertSingleEndedVoltage &rArr; __aeabi_dmul &rArr; _double_epilogue &rArr; __aeabi_llsr
</UL>
<BR>[Calls]<UL><LI><a href="#[83]">&gt;&gt;</a>&nbsp;&nbsp;&nbsp;__aeabi_fmul
<LI><a href="#[8c]">&gt;&gt;</a>&nbsp;&nbsp;&nbsp;ADC_ConvertSingleEndedVoltage
</UL>
<BR>[Called By]<UL><LI><a href="#[90]">&gt;&gt;</a>&nbsp;&nbsp;&nbsp;ADC_GetConvertedData
</UL>

<P><STRONG><a name="[8d]"></a>ADC_ConvertDifferentialVoltage</STRONG> (Thumb, 98 bytes, Stack size 24 bytes, bluenrg1_adc.o(i.ADC_ConvertDifferentialVoltage))
<BR><BR>[Stack]<UL><LI>Max Depth = 60<LI>Call Chain = ADC_ConvertDifferentialVoltage &rArr; __aeabi_fadd &rArr; _float_epilogue
</UL>
<BR>[Calls]<UL><LI><a href="#[7b]">&gt;&gt;</a>&nbsp;&nbsp;&nbsp;__aeabi_ui2f
<LI><a href="#[7a]">&gt;&gt;</a>&nbsp;&nbsp;&nbsp;__aeabi_i2f
<LI><a href="#[83]">&gt;&gt;</a>&nbsp;&nbsp;&nbsp;__aeabi_fmul
<LI><a href="#[70]">&gt;&gt;</a>&nbsp;&nbsp;&nbsp;__aeabi_fdiv
<LI><a href="#[6b]">&gt;&gt;</a>&nbsp;&nbsp;&nbsp;__aeabi_fadd
</UL>
<BR>[Called By]<UL><LI><a href="#[90]">&gt;&gt;</a>&nbsp;&nbsp;&nbsp;ADC_GetConvertedData
</UL>

<P><STRONG><a name="[8c]"></a>ADC_ConvertSingleEndedVoltage</STRONG> (Thumb, 152 bytes, Stack size 24 bytes, bluenrg1_adc.o(i.ADC_ConvertSingleEndedVoltage))
<BR><BR>[Stack]<UL><LI>Max Depth = 152<LI>Call Chain = ADC_ConvertSingleEndedVoltage &rArr; __aeabi_dmul &rArr; _double_epilogue &rArr; __aeabi_llsr
</UL>
<BR>[Calls]<UL><LI><a href="#[7b]">&gt;&gt;</a>&nbsp;&nbsp;&nbsp;__aeabi_ui2f
<LI><a href="#[7a]">&gt;&gt;</a>&nbsp;&nbsp;&nbsp;__aeabi_i2f
<LI><a href="#[83]">&gt;&gt;</a>&nbsp;&nbsp;&nbsp;__aeabi_fmul
<LI><a href="#[70]">&gt;&gt;</a>&nbsp;&nbsp;&nbsp;__aeabi_fdiv
<LI><a href="#[6b]">&gt;&gt;</a>&nbsp;&nbsp;&nbsp;__aeabi_fadd
<LI><a href="#[8e]">&gt;&gt;</a>&nbsp;&nbsp;&nbsp;__aeabi_f2d
<LI><a href="#[77]">&gt;&gt;</a>&nbsp;&nbsp;&nbsp;__aeabi_drsub
<LI><a href="#[78]">&gt;&gt;</a>&nbsp;&nbsp;&nbsp;__aeabi_dmul
<LI><a href="#[71]">&gt;&gt;</a>&nbsp;&nbsp;&nbsp;__aeabi_dadd
<LI><a href="#[7e]">&gt;&gt;</a>&nbsp;&nbsp;&nbsp;__aeabi_d2f
</UL>
<BR>[Called By]<UL><LI><a href="#[90]">&gt;&gt;</a>&nbsp;&nbsp;&nbsp;ADC_GetConvertedData
<LI><a href="#[8f]">&gt;&gt;</a>&nbsp;&nbsp;&nbsp;ADC_ConvertTemperatureSensor
<LI><a href="#[8b]">&gt;&gt;</a>&nbsp;&nbsp;&nbsp;ADC_ConvertBatterySensor
</UL>

<P><STRONG><a name="[8f]"></a>ADC_ConvertTemperatureSensor</STRONG> (Thumb, 26 bytes, Stack size 8 bytes, bluenrg1_adc.o(i.ADC_ConvertTemperatureSensor))
<BR><BR>[Stack]<UL><LI>Max Depth = 160<LI>Call Chain = ADC_ConvertTemperatureSensor &rArr; ADC_ConvertSingleEndedVoltage &rArr; __aeabi_dmul &rArr; _double_epilogue &rArr; __aeabi_llsr
</UL>
<BR>[Calls]<UL><LI><a href="#[6e]">&gt;&gt;</a>&nbsp;&nbsp;&nbsp;__aeabi_fsub
<LI><a href="#[83]">&gt;&gt;</a>&nbsp;&nbsp;&nbsp;__aeabi_fmul
<LI><a href="#[8c]">&gt;&gt;</a>&nbsp;&nbsp;&nbsp;ADC_ConvertSingleEndedVoltage
</UL>
<BR>[Called By]<UL><LI><a href="#[90]">&gt;&gt;</a>&nbsp;&nbsp;&nbsp;ADC_GetConvertedData
</UL>

<P><STRONG><a name="[90]"></a>ADC_GetConvertedData</STRONG> (Thumb, 100 bytes, Stack size 16 bytes, bluenrg1_adc.o(i.ADC_GetConvertedData))
<BR><BR>[Stack]<UL><LI>Max Depth = 176<LI>Call Chain = ADC_GetConvertedData &rArr; ADC_ConvertTemperatureSensor &rArr; ADC_ConvertSingleEndedVoltage &rArr; __aeabi_dmul &rArr; _double_epilogue &rArr; __aeabi_llsr
</UL>
<BR>[Calls]<UL><LI><a href="#[7a]">&gt;&gt;</a>&nbsp;&nbsp;&nbsp;__aeabi_i2f
<LI><a href="#[91]">&gt;&gt;</a>&nbsp;&nbsp;&nbsp;ADC_GetRawData
<LI><a href="#[8f]">&gt;&gt;</a>&nbsp;&nbsp;&nbsp;ADC_ConvertTemperatureSensor
<LI><a href="#[8c]">&gt;&gt;</a>&nbsp;&nbsp;&nbsp;ADC_ConvertSingleEndedVoltage
<LI><a href="#[8d]">&gt;&gt;</a>&nbsp;&nbsp;&nbsp;ADC_ConvertDifferentialVoltage
<LI><a href="#[8b]">&gt;&gt;</a>&nbsp;&nbsp;&nbsp;ADC_ConvertBatterySensor
</UL>
<BR>[Called By]<UL><LI><a href="#[201]">&gt;&gt;</a>&nbsp;&nbsp;&nbsp;Send_Battery
<LI><a href="#[1c0]">&gt;&gt;</a>&nbsp;&nbsp;&nbsp;Read_ADC
</UL>

<P><STRONG><a name="[1c1]"></a>ADC_GetFlagStatus</STRONG> (Thumb, 18 bytes, Stack size 0 bytes, bluenrg1_adc.o(i.ADC_GetFlagStatus))
<BR><BR>[Called By]<UL><LI><a href="#[201]">&gt;&gt;</a>&nbsp;&nbsp;&nbsp;Send_Battery
<LI><a href="#[1c0]">&gt;&gt;</a>&nbsp;&nbsp;&nbsp;Read_ADC
</UL>

<P><STRONG><a name="[91]"></a>ADC_GetRawData</STRONG> (Thumb, 18 bytes, Stack size 0 bytes, bluenrg1_adc.o(i.ADC_GetRawData))
<BR><BR>[Called By]<UL><LI><a href="#[90]">&gt;&gt;</a>&nbsp;&nbsp;&nbsp;ADC_GetConvertedData
</UL>

<P><STRONG><a name="[11]"></a>ADC_Handler</STRONG> (Thumb, 2 bytes, Stack size 0 bytes, system_bluenrg1.o(i.ADC_Handler))
<BR>[Address Reference Count : 1]<UL><LI> system_bluenrg1.o(.intvec)
</UL>
<P><STRONG><a name="[88]"></a>ADC_Init</STRONG> (Thumb, 114 bytes, Stack size 0 bytes, bluenrg1_adc.o(i.ADC_Init))
<BR><BR>[Called By]<UL><LI><a href="#[84]">&gt;&gt;</a>&nbsp;&nbsp;&nbsp;ADC_Configuration
</UL>

<P><STRONG><a name="[85]"></a>ADC_SwCalibration</STRONG> (Thumb, 256 bytes, Stack size 24 bytes, bluenrg1_adc.o(i.ADC_SwCalibration))
<BR><BR>[Stack]<UL><LI>Max Depth = 152<LI>Call Chain = ADC_SwCalibration &rArr; __aeabi_dmul &rArr; _double_epilogue &rArr; __aeabi_llsr
</UL>
<BR>[Calls]<UL><LI><a href="#[7a]">&gt;&gt;</a>&nbsp;&nbsp;&nbsp;__aeabi_i2f
<LI><a href="#[6e]">&gt;&gt;</a>&nbsp;&nbsp;&nbsp;__aeabi_fsub
<LI><a href="#[83]">&gt;&gt;</a>&nbsp;&nbsp;&nbsp;__aeabi_fmul
<LI><a href="#[70]">&gt;&gt;</a>&nbsp;&nbsp;&nbsp;__aeabi_fdiv
<LI><a href="#[8e]">&gt;&gt;</a>&nbsp;&nbsp;&nbsp;__aeabi_f2d
<LI><a href="#[76]">&gt;&gt;</a>&nbsp;&nbsp;&nbsp;__aeabi_dsub
<LI><a href="#[77]">&gt;&gt;</a>&nbsp;&nbsp;&nbsp;__aeabi_drsub
<LI><a href="#[78]">&gt;&gt;</a>&nbsp;&nbsp;&nbsp;__aeabi_dmul
<LI><a href="#[79]">&gt;&gt;</a>&nbsp;&nbsp;&nbsp;__aeabi_ddiv
<LI><a href="#[71]">&gt;&gt;</a>&nbsp;&nbsp;&nbsp;__aeabi_dadd
<LI><a href="#[7e]">&gt;&gt;</a>&nbsp;&nbsp;&nbsp;__aeabi_d2f
<LI><a href="#[92]">&gt;&gt;</a>&nbsp;&nbsp;&nbsp;__ARM_scalbn
</UL>
<BR>[Called By]<UL><LI><a href="#[84]">&gt;&gt;</a>&nbsp;&nbsp;&nbsp;ADC_Configuration
</UL>

<P><STRONG><a name="[93]"></a>APP_Tick</STRONG> (Thumb, 28 bytes, Stack size 8 bytes, chat.o(i.APP_Tick))
<BR><BR>[Stack]<UL><LI>Max Depth = 120 + Unknown Stack Size
<LI>Call Chain = APP_Tick &rArr; Make_Connection &rArr; __2printf
</UL>
<BR>[Calls]<UL><LI><a href="#[95]">&gt;&gt;</a>&nbsp;&nbsp;&nbsp;Send_Data_Over_BLE
<LI><a href="#[94]">&gt;&gt;</a>&nbsp;&nbsp;&nbsp;Make_Connection
</UL>
<BR>[Called By]<UL><LI><a href="#[1b]">&gt;&gt;</a>&nbsp;&nbsp;&nbsp;main
</UL>

<P><STRONG><a name="[96]"></a>ATT_fill_error_resp</STRONG> (Thumb, 38 bytes, Stack size unknown bytes, att.o(i.ATT_fill_error_resp))
<BR><BR>[Stack]<UL><LI>Max Depth = 16 + Unknown Stack Size
<LI>Call Chain = ATT_fill_error_resp &rArr; Osal_MemCpy &rArr; memcpy
</UL>
<BR>[Calls]<UL><LI><a href="#[97]">&gt;&gt;</a>&nbsp;&nbsp;&nbsp;Osal_MemCpy
</UL>
<BR>[Called By]<UL><LI><a href="#[1b6]">&gt;&gt;</a>&nbsp;&nbsp;&nbsp;Write_Resp
<LI><a href="#[1b2]">&gt;&gt;</a>&nbsp;&nbsp;&nbsp;Read_Resp
<LI><a href="#[1b4]">&gt;&gt;</a>&nbsp;&nbsp;&nbsp;Read_Multi_Resp
<LI><a href="#[1b1]">&gt;&gt;</a>&nbsp;&nbsp;&nbsp;Read_By_Type_Resp
<LI><a href="#[1b5]">&gt;&gt;</a>&nbsp;&nbsp;&nbsp;Read_By_Grp_Type_Resp
<LI><a href="#[1b3]">&gt;&gt;</a>&nbsp;&nbsp;&nbsp;Read_Blob_Resp
<LI><a href="#[1ae]">&gt;&gt;</a>&nbsp;&nbsp;&nbsp;Prepare_Write_Resp
<LI><a href="#[103]">&gt;&gt;</a>&nbsp;&nbsp;&nbsp;Find_Info_Resp
<LI><a href="#[100]">&gt;&gt;</a>&nbsp;&nbsp;&nbsp;Find_By_Type_Val_Resp
<LI><a href="#[f8]">&gt;&gt;</a>&nbsp;&nbsp;&nbsp;Exec_Write_Resp
<LI><a href="#[f7]">&gt;&gt;</a>&nbsp;&nbsp;&nbsp;Exchg_Mtu_Resp
<LI><a href="#[142]">&gt;&gt;</a>&nbsp;&nbsp;&nbsp;Process_Peer_Client_Data
<LI><a href="#[14b]">&gt;&gt;</a>&nbsp;&nbsp;&nbsp;Gatt_Server_L2C_Handler
</UL>

<P><STRONG><a name="[9d]"></a>Accu_Handles_Requiring_Auth</STRONG> (Thumb, 110 bytes, Stack size unknown bytes, rom_att.o(i.Accu_Handles_Requiring_Auth))
<BR><BR>[Stack]<UL><LI>Max Depth = 16 + Unknown Stack Size
<LI>Call Chain = Accu_Handles_Requiring_Auth &rArr; Osal_MemCpy &rArr; memcpy
</UL>
<BR>[Calls]<UL><LI><a href="#[97]">&gt;&gt;</a>&nbsp;&nbsp;&nbsp;Osal_MemCpy
<LI><a href="#[9c]">&gt;&gt;</a>&nbsp;&nbsp;&nbsp;Gatt_search_handle
<LI><a href="#[9b]">&gt;&gt;</a>&nbsp;&nbsp;&nbsp;Gatt_Find_Srv_Owner_Of_Handle
</UL>
<BR>[Called By]<UL><LI><a href="#[1b4]">&gt;&gt;</a>&nbsp;&nbsp;&nbsp;Read_Multi_Resp
</UL>

<P><STRONG><a name="[9e]"></a>Accu_UuidTypes_Requiring_Auth</STRONG> (Thumb, 234 bytes, Stack size unknown bytes, rom_att.o(i.Accu_UuidTypes_Requiring_Auth))
<BR><BR>[Stack]<UL><LI>Max Depth = 20 + Unknown Stack Size
<LI>Call Chain = Accu_UuidTypes_Requiring_Auth &rArr; Osal_MemCmp &rArr; memcmp
</UL>
<BR>[Calls]<UL><LI><a href="#[97]">&gt;&gt;</a>&nbsp;&nbsp;&nbsp;Osal_MemCpy
<LI><a href="#[9f]">&gt;&gt;</a>&nbsp;&nbsp;&nbsp;Osal_MemCmp
<LI><a href="#[9b]">&gt;&gt;</a>&nbsp;&nbsp;&nbsp;Gatt_Find_Srv_Owner_Of_Handle
</UL>
<BR>[Called By]<UL><LI><a href="#[1b1]">&gt;&gt;</a>&nbsp;&nbsp;&nbsp;Read_By_Type_Resp
</UL>

<P><STRONG><a name="[c5]"></a>Acl_Init</STRONG> (Thumb, 26 bytes, Stack size unknown bytes, acl.o(i.Acl_Init))
<BR><BR>[Called By]<UL><LI><a href="#[c1]">&gt;&gt;</a>&nbsp;&nbsp;&nbsp;BlueNRG_Stack_Initialize_Layers
</UL>

<P><STRONG><a name="[a0]"></a>Acl_Rcv_Pkt_Handler</STRONG> (Thumb, 54 bytes, Stack size unknown bytes, acl.o(i.Acl_Rcv_Pkt_Handler))
<BR><BR>[Calls]<UL><LI><a href="#[a1]">&gt;&gt;</a>&nbsp;&nbsp;&nbsp;aci_event_fifo_push_header
<LI><a href="#[a2]">&gt;&gt;</a>&nbsp;&nbsp;&nbsp;aci_event_fifo_push
</UL>
<BR>[Called By]<UL><LI><a href="#[1bd]">&gt;&gt;</a>&nbsp;&nbsp;&nbsp;isr_event_handler
</UL>

<P><STRONG><a name="[a3]"></a>Acl_Transmit_Data</STRONG> (Thumb, 94 bytes, Stack size unknown bytes, acl.o(i.Acl_Transmit_Data))
<BR><BR>[Stack]<UL><LI>Max Depth = 16 + Unknown Stack Size
<LI>Call Chain = Acl_Transmit_Data &rArr; advance_wakeup_timer &rArr; cancel_master &rArr; isr_event_handler &rArr; Osal_MemCpy &rArr; memcpy
</UL>
<BR>[Calls]<UL><LI><a href="#[a7]">&gt;&gt;</a>&nbsp;&nbsp;&nbsp;slave_advance
<LI><a href="#[a8]">&gt;&gt;</a>&nbsp;&nbsp;&nbsp;advance_wakeup_timer
<LI><a href="#[a5]">&gt;&gt;</a>&nbsp;&nbsp;&nbsp;get_connection_no
<LI><a href="#[a6]">&gt;&gt;</a>&nbsp;&nbsp;&nbsp;is_slave
<LI><a href="#[a4]">&gt;&gt;</a>&nbsp;&nbsp;&nbsp;LL_Send_ACL_Data
</UL>
<BR>[Called By]<UL><LI><a href="#[b5]">&gt;&gt;</a>&nbsp;&nbsp;&nbsp;hci_acl_Process_Q
<LI><a href="#[12f]">&gt;&gt;</a>&nbsp;&nbsp;&nbsp;L2C_Send_Data
</UL>

<P><STRONG><a name="[a9]"></a>Acl_Tx_Cmpl_Pkt_Handler</STRONG> (Thumb, 62 bytes, Stack size unknown bytes, acl.o(i.Acl_Tx_Cmpl_Pkt_Handler))
<BR><BR>[Calls]<UL><LI><a href="#[a1]">&gt;&gt;</a>&nbsp;&nbsp;&nbsp;aci_event_fifo_push_header
<LI><a href="#[a2]">&gt;&gt;</a>&nbsp;&nbsp;&nbsp;aci_event_fifo_push
</UL>
<BR>[Called By]<UL><LI><a href="#[1bd]">&gt;&gt;</a>&nbsp;&nbsp;&nbsp;isr_event_handler
</UL>

<P><STRONG><a name="[aa]"></a>Add_Chat_Service</STRONG> (Thumb, 178 bytes, Stack size 96 bytes, gatt_db.o(i.Add_Chat_Service))
<BR><BR>[Stack]<UL><LI>Max Depth = 120 + Unknown Stack Size
<LI>Call Chain = Add_Chat_Service &rArr; __2printf
</UL>
<BR>[Calls]<UL><LI><a href="#[97]">&gt;&gt;</a>&nbsp;&nbsp;&nbsp;Osal_MemCpy
<LI><a href="#[ab]">&gt;&gt;</a>&nbsp;&nbsp;&nbsp;aci_gatt_add_service
<LI><a href="#[ac]">&gt;&gt;</a>&nbsp;&nbsp;&nbsp;aci_gatt_add_char
<LI><a href="#[86]">&gt;&gt;</a>&nbsp;&nbsp;&nbsp;__2printf
</UL>
<BR>[Called By]<UL><LI><a href="#[d7]">&gt;&gt;</a>&nbsp;&nbsp;&nbsp;CHAT_DeviceInit
</UL>

<P><STRONG><a name="[ad]"></a>Att_Check_Perms</STRONG> (Thumb, 80 bytes, Stack size unknown bytes, att.o(i.Att_Check_Perms))
<BR><BR>[Calls]<UL><LI><a href="#[ae]">&gt;&gt;</a>&nbsp;&nbsp;&nbsp;SMP_get_remote_device_list_item
<LI><a href="#[af]">&gt;&gt;</a>&nbsp;&nbsp;&nbsp;Check_Permission
</UL>
<BR>[Called By]<UL><LI><a href="#[154]">&gt;&gt;</a>&nbsp;&nbsp;&nbsp;Gatt_Update_Charac_Value_Ext
<LI><a href="#[1b6]">&gt;&gt;</a>&nbsp;&nbsp;&nbsp;Write_Resp
<LI><a href="#[1b2]">&gt;&gt;</a>&nbsp;&nbsp;&nbsp;Read_Resp
<LI><a href="#[1b4]">&gt;&gt;</a>&nbsp;&nbsp;&nbsp;Read_Multi_Resp
<LI><a href="#[1b1]">&gt;&gt;</a>&nbsp;&nbsp;&nbsp;Read_By_Type_Resp
<LI><a href="#[1b3]">&gt;&gt;</a>&nbsp;&nbsp;&nbsp;Read_Blob_Resp
<LI><a href="#[1ae]">&gt;&gt;</a>&nbsp;&nbsp;&nbsp;Prepare_Write_Resp
<LI><a href="#[100]">&gt;&gt;</a>&nbsp;&nbsp;&nbsp;Find_By_Type_Val_Resp
<LI><a href="#[dd]">&gt;&gt;</a>&nbsp;&nbsp;&nbsp;CheckSecForSignedWrite
</UL>

<P><STRONG><a name="[b0]"></a>Attribute_Modified_CB</STRONG> (Thumb, 384 bytes, Stack size 32 bytes, gatt_db.o(i.Attribute_Modified_CB))
<BR><BR>[Stack]<UL><LI>Max Depth = 56<LI>Call Chain = Attribute_Modified_CB &rArr; __2printf
</UL>
<BR>[Calls]<UL><LI><a href="#[86]">&gt;&gt;</a>&nbsp;&nbsp;&nbsp;__2printf
</UL>
<BR>[Called By]<UL><LI><a href="#[227]">&gt;&gt;</a>&nbsp;&nbsp;&nbsp;aci_gatt_attribute_modified_event
</UL>

<P><STRONG><a name="[b1]"></a>BLEPLAT_get_part_info</STRONG> (Thumb, 32 bytes, Stack size 28 bytes, miscutil.o(i.BLEPLAT_get_part_info))
[...]
<BR><BR>[Called By]<UL><LI><a href="#[2b0]">&gt;&gt;</a>&nbsp;&nbsp;&nbsp;smp____SR_PairingRequest_Receive
</UL>

<P><STRONG><a name="[2a4]"></a>smp_Keys_Distribution_Send</STRONG> (Thumb, 280 bytes, Stack size unknown bytes, securitymgr.o(i.smp_Keys_Distribution_Send))
<BR><BR>[Stack]<UL><LI>Max Depth = 16 + Unknown Stack Size
<LI>Call Chain = smp_Keys_Distribution_Send &rArr; PM_Write_Pckt_Data &rArr; Mem_Buff_Write &rArr; Osal_MemCpy &rArr; memcpy
</UL>
<BR>[Calls]<UL><LI><a href="#[99]">&gt;&gt;</a>&nbsp;&nbsp;&nbsp;PM_Write_Pckt_Data
<LI><a href="#[14f]">&gt;&gt;</a>&nbsp;&nbsp;&nbsp;PM_Get_Pckt
<LI><a href="#[1d7]">&gt;&gt;</a>&nbsp;&nbsp;&nbsp;SMA_Generate_IRK
<LI><a href="#[158]">&gt;&gt;</a>&nbsp;&nbsp;&nbsp;HAL_Generate_Random_Bytes_To
<LI><a href="#[2aa]">&gt;&gt;</a>&nbsp;&nbsp;&nbsp;smp_get_local_identity_address
<LI><a href="#[1d6]">&gt;&gt;</a>&nbsp;&nbsp;&nbsp;SMA_Generate_CSRK
<LI><a href="#[2ab]">&gt;&gt;</a>&nbsp;&nbsp;&nbsp;smp_send_packet
<LI><a href="#[1ce]">&gt;&gt;</a>&nbsp;&nbsp;&nbsp;SMA_generate_EDIV_recovery_DIV
<LI><a href="#[1d0]">&gt;&gt;</a>&nbsp;&nbsp;&nbsp;SMA_Diversify
</UL>
<BR>[Called By]<UL><LI><a href="#[1e0]">&gt;&gt;</a>&nbsp;&nbsp;&nbsp;smp_Execute_Actions_wrt_Current_State
</UL>

<P><STRONG><a name="[2ac]"></a>smp_LP_SR_Compute_c1_Confirm_Value</STRONG> (Thumb, 332 bytes, Stack size unknown bytes, securitymgr.o(i.smp_LP_SR_Compute_c1_Confirm_Value))
<BR><BR>[Stack]<UL><LI>Max Depth = 16 + Unknown Stack Size
<LI>Call Chain = smp_LP_SR_Compute_c1_Confirm_Value &rArr; Osal_MemSet &rArr; memset
</UL>
<BR>[Calls]<UL><LI><a href="#[f6]">&gt;&gt;</a>&nbsp;&nbsp;&nbsp;Osal_MemSet
<LI><a href="#[97]">&gt;&gt;</a>&nbsp;&nbsp;&nbsp;Osal_MemCpy
<LI><a href="#[1d5]">&gt;&gt;</a>&nbsp;&nbsp;&nbsp;hci_le_encrypt
<LI><a href="#[2ad]">&gt;&gt;</a>&nbsp;&nbsp;&nbsp;int32ToLe4Byte
<LI><a href="#[17a]">&gt;&gt;</a>&nbsp;&nbsp;&nbsp;LL_Get_Address
</UL>
<BR>[Called By]<UL><LI><a href="#[2b2]">&gt;&gt;</a>&nbsp;&nbsp;&nbsp;smp____SR_PairingRandom_Receive
<LI><a href="#[2b1]">&gt;&gt;</a>&nbsp;&nbsp;&nbsp;smp____SR_PairingConfirm_Receive
</UL>

<P><STRONG><a name="[1e1]"></a>smp_Process_Rx_Packet_wrt_Current_State</STRONG> (Thumb, 296 bytes, Stack size unknown bytes, securitymgr.o(i.smp_Process_Rx_Packet_wrt_Current_State))
<BR><BR>[Stack]<UL><LI>Max Depth = 20 + Unknown Stack Size
<LI>Call Chain = smp_Process_Rx_Packet_wrt_Current_State &rArr; smp_pairing_failed_send &rArr; smp_pairing_process_abort &rArr; smp_repeated_attacks_protection &rArr; Osal_MemCmp &rArr; memcmp
</UL>
<BR>[Calls]<UL><LI><a href="#[a1]">&gt;&gt;</a>&nbsp;&nbsp;&nbsp;aci_event_fifo_push_header
<LI><a href="#[a2]">&gt;&gt;</a>&nbsp;&nbsp;&nbsp;aci_event_fifo_push
<LI><a href="#[2ae]">&gt;&gt;</a>&nbsp;&nbsp;&nbsp;smp_Process_Rx_Packet_wrt_Current_State_sc_excerpt_ucfg
<LI><a href="#[2b4]">&gt;&gt;</a>&nbsp;&nbsp;&nbsp;smp_Process_Rx_Packet_wrt_Current_State_MI_excerpt_ucfg
<LI><a href="#[2b3]">&gt;&gt;</a>&nbsp;&nbsp;&nbsp;smp_pairing_failed_send
<LI><a href="#[2af]">&gt;&gt;</a>&nbsp;&nbsp;&nbsp;smp_keys_receiving
<LI><a href="#[1dd]">&gt;&gt;</a>&nbsp;&nbsp;&nbsp;smp_find_remote_device_index
<LI><a href="#[1de]">&gt;&gt;</a>&nbsp;&nbsp;&nbsp;SMP_reset_timer
<LI><a href="#[2b0]">&gt;&gt;</a>&nbsp;&nbsp;&nbsp;smp____SR_PairingRequest_Receive
<LI><a href="#[2b2]">&gt;&gt;</a>&nbsp;&nbsp;&nbsp;smp____SR_PairingRandom_Receive
<LI><a href="#[2b1]">&gt;&gt;</a>&nbsp;&nbsp;&nbsp;smp____SR_PairingConfirm_Receive
</UL>
<BR>[Called By]<UL><LI><a href="#[bc]">&gt;&gt;</a>&nbsp;&nbsp;&nbsp;SMP_Process_Q
</UL>

<P><STRONG><a name="[2b5]"></a>smp_Set_Key_Association_Method</STRONG> (Thumb, 112 bytes, Stack size unknown bytes, securitymgr.o(i.smp_Set_Key_Association_Method))
<BR><BR>[Stack]<UL><LI>Max Depth = 8 + Unknown Stack Size
<LI>Call Chain = smp_Set_Key_Association_Method &rArr; smp_Determine_Key_Association_Method &rArr; __aeabi_memcpy4
</UL>
<BR>[Calls]<UL><LI><a href="#[a1]">&gt;&gt;</a>&nbsp;&nbsp;&nbsp;aci_event_fifo_push_header
<LI><a href="#[a2]">&gt;&gt;</a>&nbsp;&nbsp;&nbsp;aci_event_fifo_push
<LI><a href="#[2a0]">&gt;&gt;</a>&nbsp;&nbsp;&nbsp;smp_Determine_Key_Association_Method
</UL>
<BR>[Called By]<UL><LI><a href="#[2b0]">&gt;&gt;</a>&nbsp;&nbsp;&nbsp;smp____SR_PairingRequest_Receive
</UL>

<P><STRONG><a name="[2b1]"></a>smp____SR_PairingConfirm_Receive</STRONG> (Thumb, 122 bytes, Stack size unknown bytes, securitymgr.o(i.smp____SR_PairingConfirm_Receive))
<BR><BR>[Stack]<UL><LI>Max Depth = 16 + Unknown Stack Size
<LI>Call Chain = smp____SR_PairingConfirm_Receive &rArr; PM_Write_Pckt_Data &rArr; Mem_Buff_Write &rArr; Osal_MemCpy &rArr; memcpy
</UL>
<BR>[Calls]<UL><LI><a href="#[99]">&gt;&gt;</a>&nbsp;&nbsp;&nbsp;PM_Write_Pckt_Data
<LI><a href="#[14f]">&gt;&gt;</a>&nbsp;&nbsp;&nbsp;PM_Get_Pckt
<LI><a href="#[fb]">&gt;&gt;</a>&nbsp;&nbsp;&nbsp;PM_Copy_Pckt_Data
<LI><a href="#[2b6]">&gt;&gt;</a>&nbsp;&nbsp;&nbsp;smp_sc_SR_PairingConfirm_Receive_sc_excerpt_ucfg
<LI><a href="#[2ab]">&gt;&gt;</a>&nbsp;&nbsp;&nbsp;smp_send_packet
<LI><a href="#[2ac]">&gt;&gt;</a>&nbsp;&nbsp;&nbsp;smp_LP_SR_Compute_c1_Confirm_Value
</UL>
<BR>[Called By]<UL><LI><a href="#[1e1]">&gt;&gt;</a>&nbsp;&nbsp;&nbsp;smp_Process_Rx_Packet_wrt_Current_State
</UL>

<P><STRONG><a name="[2b2]"></a>smp____SR_PairingRandom_Receive</STRONG> (Thumb, 282 bytes, Stack size unknown bytes, securitymgr.o(i.smp____SR_PairingRandom_Receive))
<BR><BR>[Stack]<UL><LI>Max Depth = 20 + Unknown Stack Size
<LI>Call Chain = smp____SR_PairingRandom_Receive &rArr; Osal_MemCmp &rArr; memcmp
</UL>
<BR>[Calls]<UL><LI><a href="#[f6]">&gt;&gt;</a>&nbsp;&nbsp;&nbsp;Osal_MemSet
<LI><a href="#[97]">&gt;&gt;</a>&nbsp;&nbsp;&nbsp;Osal_MemCpy
<LI><a href="#[9f]">&gt;&gt;</a>&nbsp;&nbsp;&nbsp;Osal_MemCmp
<LI><a href="#[99]">&gt;&gt;</a>&nbsp;&nbsp;&nbsp;PM_Write_Pckt_Data
<LI><a href="#[14f]">&gt;&gt;</a>&nbsp;&nbsp;&nbsp;PM_Get_Pckt
<LI><a href="#[fb]">&gt;&gt;</a>&nbsp;&nbsp;&nbsp;PM_Copy_Pckt_Data
<LI><a href="#[2b7]">&gt;&gt;</a>&nbsp;&nbsp;&nbsp;smp_sc_SR_PairingRandom_Receive_sc_excerpt_ucfg
<LI><a href="#[2b3]">&gt;&gt;</a>&nbsp;&nbsp;&nbsp;smp_pairing_failed_send
<LI><a href="#[1d8]">&gt;&gt;</a>&nbsp;&nbsp;&nbsp;SMA_LP_s1_Generate_STK
<LI><a href="#[2ab]">&gt;&gt;</a>&nbsp;&nbsp;&nbsp;smp_send_packet
<LI><a href="#[2ac]">&gt;&gt;</a>&nbsp;&nbsp;&nbsp;smp_LP_SR_Compute_c1_Confirm_Value
<LI><a href="#[2ad]">&gt;&gt;</a>&nbsp;&nbsp;&nbsp;int32ToLe4Byte
</UL>
<BR>[Called By]<UL><LI><a href="#[1e1]">&gt;&gt;</a>&nbsp;&nbsp;&nbsp;smp_Process_Rx_Packet_wrt_Current_State
</UL>

<P><STRONG><a name="[2b0]"></a>smp____SR_PairingRequest_Receive</STRONG> (Thumb, 376 bytes, Stack size unknown bytes, securitymgr.o(i.smp____SR_PairingRequest_Receive))
<BR><BR>[Stack]<UL><LI>Max Depth = 20 + Unknown Stack Size
<LI>Call Chain = smp____SR_PairingRequest_Receive &rArr; smp_pairing_failed_send &rArr; smp_pairing_process_abort &rArr; smp_repeated_attacks_protection &rArr; Osal_MemCmp &rArr; memcmp
</UL>
<BR>[Calls]<UL><LI><a href="#[14f]">&gt;&gt;</a>&nbsp;&nbsp;&nbsp;PM_Get_Pckt
<LI><a href="#[2bb]">&gt;&gt;</a>&nbsp;&nbsp;&nbsp;smp_sc_continue_on_exclusive_sc_pairing_ucfg
<LI><a href="#[2b3]">&gt;&gt;</a>&nbsp;&nbsp;&nbsp;smp_pairing_failed_send
<LI><a href="#[2bc]">&gt;&gt;</a>&nbsp;&nbsp;&nbsp;smp_oob_check_is_remote_data_present
<LI><a href="#[2b8]">&gt;&gt;</a>&nbsp;&nbsp;&nbsp;smp_add_pairing_record_to_bonding_database
<LI><a href="#[2ab]">&gt;&gt;</a>&nbsp;&nbsp;&nbsp;smp_send_packet
<LI><a href="#[2b5]">&gt;&gt;</a>&nbsp;&nbsp;&nbsp;smp_Set_Key_Association_Method
<LI><a href="#[2bd]">&gt;&gt;</a>&nbsp;&nbsp;&nbsp;smp_Get_Pairing_Parameters_From_Peer_Packet
<LI><a href="#[2b9]">&gt;&gt;</a>&nbsp;&nbsp;&nbsp;smp_Check_Incoming_Pairing_Parameters
<LI><a href="#[2be]">&gt;&gt;</a>&nbsp;&nbsp;&nbsp;smp_Build_Pairing_ReqResp_Packet
<LI><a href="#[2ba]">&gt;&gt;</a>&nbsp;&nbsp;&nbsp;smp_Build_AuthReq_Field
</UL>
<BR>[Called By]<UL><LI><a href="#[1e1]">&gt;&gt;</a>&nbsp;&nbsp;&nbsp;smp_Process_Rx_Packet_wrt_Current_State
</UL>

<P><STRONG><a name="[1e8]"></a>SMP_connection_complete_handler</STRONG> (Thumb, 138 bytes, Stack size unknown bytes, smp_common.o(i.SMP_connection_complete_handler))
<BR><BR>[Stack]<UL><LI>Max Depth = 16 + Unknown Stack Size
<LI>Call Chain = SMP_connection_complete_handler &rArr; Osal_MemSet &rArr; memset
</UL>
<BR>[Calls]<UL><LI><a href="#[f6]">&gt;&gt;</a>&nbsp;&nbsp;&nbsp;Osal_MemSet
<LI><a href="#[97]">&gt;&gt;</a>&nbsp;&nbsp;&nbsp;Osal_MemCpy
</UL>
<BR>[Called By]<UL><LI><a href="#[165]">&gt;&gt;</a>&nbsp;&nbsp;&nbsp;SMP_hci_le_enhanced_connection_complete_evt_hndl
<LI><a href="#[164]">&gt;&gt;</a>&nbsp;&nbsp;&nbsp;SMP_hci_le_connection_complete_evt_hndl
</UL>

<P><STRONG><a name="[224]"></a>aci_gap_authorization_req_event_push</STRONG> (Thumb, 80 bytes, Stack size unknown bytes, smp_common.o(i.aci_gap_authorization_req_event_push))
<BR><BR>[Calls]<UL><LI><a href="#[a1]">&gt;&gt;</a>&nbsp;&nbsp;&nbsp;aci_event_fifo_push_header
<LI><a href="#[a2]">&gt;&gt;</a>&nbsp;&nbsp;&nbsp;aci_event_fifo_push
</UL>
<BR>[Called By]<UL><LI><a href="#[2a5]">&gt;&gt;</a>&nbsp;&nbsp;&nbsp;smp_pairing_completed
</UL>

<P><STRONG><a name="[1e5]"></a>aci_gap_pairing_complete_event_push</STRONG> (Thumb, 88 bytes, Stack size unknown bytes, smp_common.o(i.aci_gap_pairing_complete_event_push))
<BR><BR>[Calls]<UL><LI><a href="#[a1]">&gt;&gt;</a>&nbsp;&nbsp;&nbsp;aci_event_fifo_push_header
<LI><a href="#[a2]">&gt;&gt;</a>&nbsp;&nbsp;&nbsp;aci_event_fifo_push
</UL>
<BR>[Called By]<UL><LI><a href="#[175]">&gt;&gt;</a>&nbsp;&nbsp;&nbsp;SMP_hci_encryption_change_evt_hndl
<LI><a href="#[1e4]">&gt;&gt;</a>&nbsp;&nbsp;&nbsp;SMP_Protocol_Timer_cb
<LI><a href="#[2c0]">&gt;&gt;</a>&nbsp;&nbsp;&nbsp;smp_pairing_process_abort
<LI><a href="#[2a5]">&gt;&gt;</a>&nbsp;&nbsp;&nbsp;smp_pairing_completed
</UL>

<P><STRONG><a name="[1e7]"></a>smp_Keys_Distribution_Complete</STRONG> (Thumb, 50 bytes, Stack size unknown bytes, smp_common.o(i.smp_Keys_Distribution_Complete))
<BR><BR>[Stack]<UL><LI>Max Depth = 20 + Unknown Stack Size
<LI>Call Chain = smp_Keys_Distribution_Complete &rArr; smp_pairing_completed &rArr; smp_add_pairing_record_to_bonding_database &rArr; SDB_Add_Record &rArr; Osal_MemCmp &rArr; memcmp
</UL>
<BR>[Calls]<UL><LI><a href="#[2a9]">&gt;&gt;</a>&nbsp;&nbsp;&nbsp;smp_MI_Start_Encryption_ucfg
<LI><a href="#[2a5]">&gt;&gt;</a>&nbsp;&nbsp;&nbsp;smp_pairing_completed
</UL>
<BR>[Called By]<UL><LI><a href="#[16a]">&gt;&gt;</a>&nbsp;&nbsp;&nbsp;SMP_acl_data_hndl
</UL>

<P><STRONG><a name="[1e9]"></a>smp_flush_rx_queues</STRONG> (Thumb, 52 bytes, Stack size unknown bytes, smp_common.o(i.smp_flush_rx_queues))
<BR><BR>[Calls]<UL><LI><a href="#[fa]">&gt;&gt;</a>&nbsp;&nbsp;&nbsp;acl_list_remove
<LI><a href="#[f9]">&gt;&gt;</a>&nbsp;&nbsp;&nbsp;acl_list_first
<LI><a href="#[fd]">&gt;&gt;</a>&nbsp;&nbsp;&nbsp;PM_Release_Acl_Pckt
</UL>
<BR>[Called By]<UL><LI><a href="#[173]">&gt;&gt;</a>&nbsp;&nbsp;&nbsp;SMP_hci_disconnection_complete_evt_hndl
<LI><a href="#[2c0]">&gt;&gt;</a>&nbsp;&nbsp;&nbsp;smp_pairing_process_abort
</UL>

<P><STRONG><a name="[2c0]"></a>smp_pairing_process_abort</STRONG> (Thumb, 96 bytes, Stack size unknown bytes, smp_common.o(i.smp_pairing_process_abort))
<BR><BR>[Stack]<UL><LI>Max Depth = 20 + Unknown Stack Size
<LI>Call Chain = smp_pairing_process_abort &rArr; smp_repeated_attacks_protection &rArr; Osal_MemCmp &rArr; memcmp
</UL>
<BR>[Calls]<UL><LI><a href="#[f6]">&gt;&gt;</a>&nbsp;&nbsp;&nbsp;Osal_MemSet
<LI><a href="#[2c1]">&gt;&gt;</a>&nbsp;&nbsp;&nbsp;smp_repeated_attacks_protection
<LI><a href="#[1e6]">&gt;&gt;</a>&nbsp;&nbsp;&nbsp;smp_update_statistics_on_pairing_complete
<LI><a href="#[1e9]">&gt;&gt;</a>&nbsp;&nbsp;&nbsp;smp_flush_rx_queues
<LI><a href="#[1e5]">&gt;&gt;</a>&nbsp;&nbsp;&nbsp;aci_gap_pairing_complete_event_push
<LI><a href="#[1dd]">&gt;&gt;</a>&nbsp;&nbsp;&nbsp;smp_find_remote_device_index
<LI><a href="#[1de]">&gt;&gt;</a>&nbsp;&nbsp;&nbsp;SMP_reset_timer
</UL>
<BR>[Called By]<UL><LI><a href="#[2b3]">&gt;&gt;</a>&nbsp;&nbsp;&nbsp;smp_pairing_failed_send
<LI><a href="#[1e2]">&gt;&gt;</a>&nbsp;&nbsp;&nbsp;smp_pairing_failed_receive
</UL>

<P><STRONG><a name="[1e6]"></a>smp_update_statistics_on_pairing_complete</STRONG> (Thumb, 50 bytes, Stack size unknown bytes, smp_common.o(i.smp_update_statistics_on_pairing_complete))
<BR><BR>[Calls]<UL><LI><a href="#[2c2]">&gt;&gt;</a>&nbsp;&nbsp;&nbsp;smp_sc_update_statistics_on_pairing_complete_ucfg
</UL>
<BR>[Called By]<UL><LI><a href="#[173]">&gt;&gt;</a>&nbsp;&nbsp;&nbsp;SMP_hci_disconnection_complete_evt_hndl
<LI><a href="#[1e4]">&gt;&gt;</a>&nbsp;&nbsp;&nbsp;SMP_Protocol_Timer_cb
<LI><a href="#[2c0]">&gt;&gt;</a>&nbsp;&nbsp;&nbsp;smp_pairing_process_abort
<LI><a href="#[2a5]">&gt;&gt;</a>&nbsp;&nbsp;&nbsp;smp_pairing_completed
</UL>

<P><STRONG><a name="[98]"></a>ATT_fill_type_val_entry</STRONG> (Thumb, 52 bytes, Stack size unknown bytes, att.o(i.ATT_fill_type_val_entry))
<BR><BR>[Stack]<UL><LI>Max Depth = 16 + Unknown Stack Size
<LI>Call Chain = ATT_fill_type_val_entry &rArr; PM_Write_Pckt_Data &rArr; Mem_Buff_Write &rArr; Osal_MemCpy &rArr; memcpy
</UL>
<BR>[Calls]<UL><LI><a href="#[99]">&gt;&gt;</a>&nbsp;&nbsp;&nbsp;PM_Write_Pckt_Data
</UL>
<BR>[Called By]<UL><LI><a href="#[100]">&gt;&gt;</a>&nbsp;&nbsp;&nbsp;Find_By_Type_Val_Resp
</UL>

<P><STRONG><a name="[9a]"></a>ATT_validate_prepare_req</STRONG> (Thumb, 162 bytes, Stack size unknown bytes, att.o(i.ATT_validate_prepare_req))
<BR><BR>[Stack]<UL><LI>Max Depth = 16 + Unknown Stack Size
<LI>Call Chain = ATT_validate_prepare_req &rArr; Osal_MemCpy &rArr; memcpy
</UL>
<BR>[Calls]<UL><LI><a href="#[97]">&gt;&gt;</a>&nbsp;&nbsp;&nbsp;Osal_MemCpy
<LI><a href="#[9c]">&gt;&gt;</a>&nbsp;&nbsp;&nbsp;Gatt_search_handle
<LI><a href="#[9b]">&gt;&gt;</a>&nbsp;&nbsp;&nbsp;Gatt_Find_Srv_Owner_Of_Handle
</UL>
<BR>[Called By]<UL><LI><a href="#[f8]">&gt;&gt;</a>&nbsp;&nbsp;&nbsp;Exec_Write_Resp
</UL>

<P><STRONG><a name="[101]"></a>Pm_Resize_Host_Acl_Pckt</STRONG> (Thumb, 14 bytes, Stack size unknown bytes, att.o(i.Pm_Resize_Host_Acl_Pckt))
<BR><BR>[Calls]<UL><LI><a href="#[1aa]">&gt;&gt;</a>&nbsp;&nbsp;&nbsp;PM_Resize_Pckt_Pdu_Size
</UL>
<BR>[Called By]<UL><LI><a href="#[1b2]">&gt;&gt;</a>&nbsp;&nbsp;&nbsp;Read_Resp
<LI><a href="#[1b4]">&gt;&gt;</a>&nbsp;&nbsp;&nbsp;Read_Multi_Resp
<LI><a href="#[1b1]">&gt;&gt;</a>&nbsp;&nbsp;&nbsp;Read_By_Type_Resp
<LI><a href="#[1b5]">&gt;&gt;</a>&nbsp;&nbsp;&nbsp;Read_By_Grp_Type_Resp
<LI><a href="#[1b3]">&gt;&gt;</a>&nbsp;&nbsp;&nbsp;Read_Blob_Resp
<LI><a href="#[1ae]">&gt;&gt;</a>&nbsp;&nbsp;&nbsp;Prepare_Write_Resp
<LI><a href="#[103]">&gt;&gt;</a>&nbsp;&nbsp;&nbsp;Find_Info_Resp
<LI><a href="#[100]">&gt;&gt;</a>&nbsp;&nbsp;&nbsp;Find_By_Type_Val_Resp
</UL>

<P><STRONG><a name="[fc]"></a>aci_gatt_attribute_modified_event_push</STRONG> (Thumb, 116 bytes, Stack size unknown bytes, att.o(i.aci_gatt_attribute_modified_event_push))
<BR><BR>[Stack]<UL><LI>Max Depth = 16 + Unknown Stack Size
<LI>Call Chain = aci_gatt_attribute_modified_event_push &rArr; Osal_MemCpy &rArr; memcpy
</UL>
<BR>[Calls]<UL><LI><a href="#[97]">&gt;&gt;</a>&nbsp;&nbsp;&nbsp;Osal_MemCpy
<LI><a href="#[a1]">&gt;&gt;</a>&nbsp;&nbsp;&nbsp;aci_event_fifo_push_header
<LI><a href="#[a2]">&gt;&gt;</a>&nbsp;&nbsp;&nbsp;aci_event_fifo_push
</UL>
<BR>[Called By]<UL><LI><a href="#[1b6]">&gt;&gt;</a>&nbsp;&nbsp;&nbsp;Write_Resp
<LI><a href="#[1b7]">&gt;&gt;</a>&nbsp;&nbsp;&nbsp;Write_Cmd
<LI><a href="#[f8]">&gt;&gt;</a>&nbsp;&nbsp;&nbsp;Exec_Write_Resp
</UL>

<P><STRONG><a name="[1c6]"></a>aci_gatt_read_multi_permit_req_event_push</STRONG> (Thumb, 98 bytes, Stack size unknown bytes, att.o(i.aci_gatt_read_multi_permit_req_event_push))
<BR><BR>[Stack]<UL><LI>Max Depth = 16 + Unknown Stack Size
<LI>Call Chain = aci_gatt_read_multi_permit_req_event_push &rArr; Osal_MemCpy &rArr; memcpy
</UL>
<BR>[Calls]<UL><LI><a href="#[97]">&gt;&gt;</a>&nbsp;&nbsp;&nbsp;Osal_MemCpy
<LI><a href="#[a1]">&gt;&gt;</a>&nbsp;&nbsp;&nbsp;aci_event_fifo_push_header
<LI><a href="#[a2]">&gt;&gt;</a>&nbsp;&nbsp;&nbsp;aci_event_fifo_push
</UL>
<BR>[Called By]<UL><LI><a href="#[1b4]">&gt;&gt;</a>&nbsp;&nbsp;&nbsp;Read_Multi_Resp
<LI><a href="#[1b1]">&gt;&gt;</a>&nbsp;&nbsp;&nbsp;Read_By_Type_Resp
</UL>

<P><STRONG><a name="[1c4]"></a>aci_gatt_read_permit_req_event_push</STRONG> (Thumb, 74 bytes, Stack size unknown bytes, att.o(i.aci_gatt_read_permit_req_event_push))
<BR><BR>[Calls]<UL><LI><a href="#[a1]">&gt;&gt;</a>&nbsp;&nbsp;&nbsp;aci_event_fifo_push_header
<LI><a href="#[a2]">&gt;&gt;</a>&nbsp;&nbsp;&nbsp;aci_event_fifo_push
</UL>
<BR>[Called By]<UL><LI><a href="#[1b2]">&gt;&gt;</a>&nbsp;&nbsp;&nbsp;Read_Resp
<LI><a href="#[1b3]">&gt;&gt;</a>&nbsp;&nbsp;&nbsp;Read_Blob_Resp
</UL>

<P><STRONG><a name="[210]"></a>aci_gatt_write_permit_req_event_push</STRONG> (Thumb, 104 bytes, Stack size unknown bytes, att.o(i.aci_gatt_write_permit_req_event_push))
<BR><BR>[Stack]<UL><LI>Max Depth = 16 + Unknown Stack Size
<LI>Call Chain = aci_gatt_write_permit_req_event_push &rArr; PM_Copy_Pckt_Data &rArr; Mem_Buff_Read &rArr; Osal_MemCpy &rArr; memcpy
</UL>
<BR>[Calls]<UL><LI><a href="#[a1]">&gt;&gt;</a>&nbsp;&nbsp;&nbsp;aci_event_fifo_push_header
<LI><a href="#[a2]">&gt;&gt;</a>&nbsp;&nbsp;&nbsp;aci_event_fifo_push
<LI><a href="#[fb]">&gt;&gt;</a>&nbsp;&nbsp;&nbsp;PM_Copy_Pckt_Data
</UL>
<BR>[Called By]<UL><LI><a href="#[1b6]">&gt;&gt;</a>&nbsp;&nbsp;&nbsp;Write_Resp
<LI><a href="#[1b7]">&gt;&gt;</a>&nbsp;&nbsp;&nbsp;Write_Cmd
</UL>

<P><STRONG><a name="[1ef]"></a>sma_Calculate_Hash</STRONG> (Thumb, 54 bytes, Stack size unknown bytes, smp_algo_sap.o(i.sma_Calculate_Hash))
<BR><BR>[Stack]<UL><LI>Max Depth = 16 + Unknown Stack Size
<LI>Call Chain = sma_Calculate_Hash &rArr; Osal_MemSet &rArr; memset
</UL>
<BR>[Calls]<UL><LI><a href="#[f6]">&gt;&gt;</a>&nbsp;&nbsp;&nbsp;Osal_MemSet
<LI><a href="#[97]">&gt;&gt;</a>&nbsp;&nbsp;&nbsp;Osal_MemCpy
<LI><a href="#[1d5]">&gt;&gt;</a>&nbsp;&nbsp;&nbsp;hci_le_encrypt
</UL>
<BR>[Called By]<UL><LI><a href="#[11c]">&gt;&gt;</a>&nbsp;&nbsp;&nbsp;SM_Generate_Resolvable_Private_Address
<LI><a href="#[1d2]">&gt;&gt;</a>&nbsp;&nbsp;&nbsp;SM_Resolve_Private_Address
</UL>

<P><STRONG><a name="[29e]"></a>sma_generate_subkeys</STRONG> (Thumb, 126 bytes, Stack size unknown bytes, smp_algo_sap.o(i.sma_generate_subkeys))
<BR><BR>[Stack]<UL><LI>Max Depth = 16 + Unknown Stack Size
<LI>Call Chain = sma_generate_subkeys &rArr; hci_le_encrypt &rArr; LL_Encrypt_Plain_Data_ucfg &rArr; Osal_MemCpy &rArr; memcpy
</UL>
<BR>[Calls]<UL><LI><a href="#[1d5]">&gt;&gt;</a>&nbsp;&nbsp;&nbsp;hci_le_encrypt
<LI><a href="#[29f]">&gt;&gt;</a>&nbsp;&nbsp;&nbsp;sma_left_shift
</UL>
<BR>[Called By]<UL><LI><a href="#[1ee]">&gt;&gt;</a>&nbsp;&nbsp;&nbsp;sma_CMAC_generate_tag
</UL>

<P><STRONG><a name="[29f]"></a>sma_left_shift</STRONG> (Thumb, 44 bytes, Stack size unknown bytes, smp_algo_sap.o(i.sma_left_shift))
<BR><BR>[Called By]<UL><LI><a href="#[29e]">&gt;&gt;</a>&nbsp;&nbsp;&nbsp;sma_generate_subkeys
</UL>

<P><STRONG><a name="[218]"></a>_printf_core</STRONG> (Thumb, 1020 bytes, Stack size 104 bytes, printf8.o(i._printf_core), UNUSED)
<BR><BR>[Calls]<UL><LI><a href="#[7f]">&gt;&gt;</a>&nbsp;&nbsp;&nbsp;__aeabi_uldivmod
<LI><a href="#[221]">&gt;&gt;</a>&nbsp;&nbsp;&nbsp;_printf_pre_padding
<LI><a href="#[222]">&gt;&gt;</a>&nbsp;&nbsp;&nbsp;_printf_post_padding
</UL>
<BR>[Called By]<UL><LI><a href="#[217]">&gt;&gt;</a>&nbsp;&nbsp;&nbsp;__0printf$8
</UL>

<P><STRONG><a name="[222]"></a>_printf_post_padding</STRONG> (Thumb, 32 bytes, Stack size 24 bytes, printf8.o(i._printf_post_padding), UNUSED)
<BR><BR>[Called By]<UL><LI><a href="#[218]">&gt;&gt;</a>&nbsp;&nbsp;&nbsp;_printf_core
</UL>

<P><STRONG><a name="[221]"></a>_printf_pre_padding</STRONG> (Thumb, 44 bytes, Stack size 40 bytes, printf8.o(i._printf_pre_padding), UNUSED)
<BR><BR>[Called By]<UL><LI><a href="#[218]">&gt;&gt;</a>&nbsp;&nbsp;&nbsp;_printf_core
</UL>
<P>
<H3>
Undefined Global Symbols
</H3><HR></body></html>
